
Allocating common symbols
Common symbol       size              file

force_buffer        0x80              HydraQuad.o
UPLIMIT             0x90              ForceAcq.o
joint_buffer        0x80              HydraQuad.o
imu_buffer          0x80              HydraQuad.o
motion_curb_pid     0x4               HydraQuad.o
TP_thread           0x4               HydraQuad.o
signal_count3       0x4               IMUAcq.o
GAIT_DATA_thread    0x4               HydraQuad.o
motion_planning_pid
                    0x4               HydraQuad.o
cond_send           0x8               ForceAcq.o
MP_thread           0x4               HydraQuad.o
FORCE_GET_thread    0x4               ForceAcq.o
CAN_WR_thread       0x4               HydraQuad.o
IMU_acq_thread      0x4               HydraQuad.o
FORCE_RE_thread     0x4               ForceAcq.o
CAL_AD_thread       0x4               HydraQuad.o
force_acquisition_pid
                    0x4               HydraQuad.o
fp                  0x10              MotionCurb.o
FD_MANA_thread      0x4               HydraQuad.o
FORCE_SD_thread     0x4               ForceAcq.o
IMU_FD_thread       0x4               HydraQuad.o
IMU_snd_thread      0x4               HydraQuad.o
imu_acquisition_pid
                    0x4               HydraQuad.o
mutex_cond_send     0x8               ForceAcq.o
CAN_RD_thread       0x4               HydraQuad.o
hopedata            0x12c0            MotionCurb.o
DOWNLIMIT           0x90              ForceAcq.o
FORCE_FD_thread     0x4               ForceAcq.o

Memory Configuration

Name             Origin             Length             Attributes
*default*        0x00000000         0xffffffff

Linker script and memory map

TARGET(elf32-i386)
LOAD D:/QNX650/target/qnx6/x86/lib/crt1.o
LOAD D:/QNX650/target/qnx6/x86/lib/crti.o
LOAD D:/QNX650/host/win32/x86/usr/lib/gcc/i486-pc-nto-qnx6.5.0/4.4.2/crtbegin.o
LOAD D:/QNX650/target/qnx6/x86/lib/libm.so
LOAD CanConfigure.o
LOAD CanReciveSend.o
LOAD ForceAcq.o
LOAD GaitData.o
LOAD HydraQuad.o
LOAD IMUAcq.o
LOAD JointControler.o
LOAD JointDataFile.o
LOAD MotionCurb.o
LOAD MotionPlanning.o
LOAD ad_motion.o
LOAD rs485.o
LOAD D:/QNX650/target/qnx6/x86/lib/libc.so
LOAD D:/QNX650/target/qnx6/x86/lib/libsocket.so
LOAD D:/QNX650/host/win32/x86/usr/lib/gcc/i486-pc-nto-qnx6.5.0/4.4.2/libgcc.a
LOAD D:/QNX650/target/qnx6/x86/lib/libc.so
LOAD D:/QNX650/target/qnx6/x86/lib\libc.a
LOAD D:/QNX650/host/win32/x86/usr/lib/gcc/i486-pc-nto-qnx6.5.0/4.4.2/libgcc.a
LOAD D:/QNX650/host/win32/x86/usr/lib/gcc/i486-pc-nto-qnx6.5.0/4.4.2/crtend.o
LOAD D:/QNX650/target/qnx6/x86/lib/crtn.o
                0x08048000                PROVIDE (__executable_start, 0x8048000)
                0x080480f4                . = (0x8048000 + SIZEOF_HEADERS)

.interp         0x080480f4       0x14
 *(.interp)
 .interp        0x080480f4       0x14 D:/QNX650/target/qnx6/x86/lib/crt1.o

.note           0x08048108       0x18
 .note          0x08048108       0x18 D:/QNX650/target/qnx6/x86/lib/crtn.o

.note.gnu.build-id
 *(.note.gnu.build-id)

.hash           0x08048120      0x468
 *(.hash)
 .hash          0x08048120      0x468 D:/QNX650/target/qnx6/x86/lib/crt1.o

.gnu.hash
 *(.gnu.hash)

.dynsym         0x08048588      0x950
 *(.dynsym)
 .dynsym        0x08048588      0x950 D:/QNX650/target/qnx6/x86/lib/crt1.o

.dynstr         0x08048ed8      0x6b6
 *(.dynstr)
 .dynstr        0x08048ed8      0x6b6 D:/QNX650/target/qnx6/x86/lib/crt1.o

.gnu.version    0x0804958e        0x0
 *(.gnu.version)
 .gnu.version   0x00000000        0x0 D:/QNX650/target/qnx6/x86/lib/crt1.o

.gnu.version_d  0x08049590        0x0 load address 0x0804958e
 *(.gnu.version_d)
 .gnu.version_d
                0x00000000        0x0 D:/QNX650/target/qnx6/x86/lib/crt1.o

.gnu.version_r  0x08049590        0x0 load address 0x0804958e
 *(.gnu.version_r)
 .gnu.version_r
                0x00000000        0x0 D:/QNX650/target/qnx6/x86/lib/crt1.o

.rel.dyn        0x08049590       0x28
 *(.rel.init)
 *(.rel.text .rel.text.* .rel.gnu.linkonce.t.*)
 .rel.text      0x00000000        0x0 D:/QNX650/target/qnx6/x86/lib/crt1.o
 *(.rel.fini)
 *(.rel.rodata .rel.rodata.* .rel.gnu.linkonce.r.*)
 *(.rel.data.rel.ro* .rel.gnu.linkonce.d.rel.ro.*)
 *(.rel.data .rel.data.* .rel.gnu.linkonce.d.*)
 *(.rel.tdata .rel.tdata.* .rel.gnu.linkonce.td.*)
 *(.rel.tbss .rel.tbss.* .rel.gnu.linkonce.tb.*)
 *(.rel.ctors)
 *(.rel.dtors)
 *(.rel.got)
 .rel.got       0x08049590       0x20 D:/QNX650/target/qnx6/x86/lib/crt1.o
 *(.rel.sdata .rel.sdata.* .rel.gnu.linkonce.s.*)
 *(.rel.sbss .rel.sbss.* .rel.gnu.linkonce.sb.*)
 *(.rel.sdata2 .rel.sdata2.* .rel.gnu.linkonce.s2.*)
 *(.rel.sbss2 .rel.sbss2.* .rel.gnu.linkonce.sb2.*)
 *(.rel.bss .rel.bss.* .rel.gnu.linkonce.b.*)
 .rel.bss       0x080495b0        0x8 D:/QNX650/target/qnx6/x86/lib/crt1.o

.rela.dyn
 *(.rela.init)
 *(.rela.text .rela.text.* .rela.gnu.linkonce.t.*)
 *(.rela.fini)
 *(.rela.rodata .rela.rodata.* .rela.gnu.linkonce.r.*)
 *(.rela.data .rela.data.* .rela.gnu.linkonce.d.*)
 *(.rela.tdata .rela.tdata.* .rela.gnu.linkonce.td.*)
 *(.rela.tbss .rela.tbss.* .rela.gnu.linkonce.tb.*)
 *(.rela.ctors)
 *(.rela.dtors)
 *(.rela.got)
 *(.rela.sdata .rela.sdata.* .rela.gnu.linkonce.s.*)
 *(.rela.sbss .rela.sbss.* .rela.gnu.linkonce.sb.*)
 *(.rela.sdata2 .rela.sdata2.* .rela.gnu.linkonce.s2.*)
 *(.rela.sbss2 .rela.sbss2.* .rela.gnu.linkonce.sb2.*)
 *(.rela.bss .rela.bss.* .rela.gnu.linkonce.b.*)

.rel.plt        0x080495b8      0x1e8
 *(.rel.plt)
 .rel.plt       0x080495b8      0x1e8 D:/QNX650/target/qnx6/x86/lib/crt1.o

.rela.plt
 *(.rela.plt)

.init           0x080497a0        0xd
 *(.init)
 .init          0x080497a0        0x0 D:/QNX650/target/qnx6/x86/lib/crti.o
                0x080497a0                _init
 .init          0x080497a0        0x5 D:/QNX650/host/win32/x86/usr/lib/gcc/i486-pc-nto-qnx6.5.0/4.4.2/crtbegin.o
 .init          0x080497a5        0x5 D:/QNX650/host/win32/x86/usr/lib/gcc/i486-pc-nto-qnx6.5.0/4.4.2/crtend.o
 .init          0x080497aa        0x3 D:/QNX650/target/qnx6/x86/lib/crtn.o

.plt            0x080497b0      0x3e0
 *(.plt)
 .plt           0x080497b0      0x3e0 D:/QNX650/target/qnx6/x86/lib/crt1.o
                0x080497c0                sem_init
                0x080497e0                open
                0x080497f0                system
                0x08049800                usleep
                0x08049810                sleep
                0x08049820                pthread_mutex_init
                0x08049830                __cxa_finalize
                0x08049840                _init_array
                0x08049850                __get_errno_ptr
                0x08049860                ioctl
                0x08049870                pthread_mutex_lock
                0x08049880                ctime
                0x08049890                acosf
                0x080498a0                sqrtf
                0x080498b0                read
                0x080498c0                atexit
                0x080498d0                select
                0x080498e0                cfsetispeed
                0x080498f0                asin
                0x08049900                sem_destroy
                0x08049910                getpid
                0x08049920                pthread_mutex_destroy
                0x08049930                fclose
                0x08049940                fopen
                0x08049950                cfsetospeed
                0x08049960                pthread_create
                0x08049970                write
                0x08049980                _init_libc
                0x08049990                pthread_cond_signal
                0x080499a0                close
                0x080499b0                fputc
                0x080499c0                mkfifo
                0x080499d0                sigaction
                0x080499e0                atan
                0x080499f0                tcsetattr
                0x08049a00                sigaddset
                0x08049a10                pthread_cond_init
                0x08049a20                tcgetattr
                0x08049a30                _Sin
                0x08049a40                perror
                0x08049a50                tcflush
                0x08049a60                fprintf
                0x08049a70                sigemptyset
                0x08049a80                acos
                0x08049a90                _fini_array
                0x08049aa0                pthread_exit
                0x08049ab0                _preinit_array
                0x08049ac0                exit
                0x08049ad0                fork
                0x08049ae0                pthread_mutex_unlock
                0x08049af0                sem_post
                0x08049b00                pthread_cond_destroy
                0x08049b10                waitpid
                0x08049b20                printf
                0x08049b30                pthread_cond_wait
                0x08049b40                puts
                0x08049b50                fscanf
                0x08049b70                sem_wait
                0x08049b80                pthread_join

.text           0x08049b90     0x36d0
                0x08049b90                _btext = .
 *(.text .stub .text.* .gnu.linkonce.t.*)
 .text          0x08049b90       0x91 D:/QNX650/target/qnx6/x86/lib/crt1.o
                0x08049b98                _start
 *fill*         0x08049c21        0x3 9090
 .text          0x08049c24        0x0 D:/QNX650/target/qnx6/x86/lib/crti.o
 *fill*         0x08049c24        0xc 9090
 .text          0x08049c30      0x10e D:/QNX650/host/win32/x86/usr/lib/gcc/i486-pc-nto-qnx6.5.0/4.4.2/crtbegin.o
 *fill*         0x08049d3e        0x2 9090
 .text          0x08049d40      0x1c0 CanConfigure.o
                0x08049d40                set_bitrate
                0x08049db4                set_acccode
                0x08049e57                set_accmask
 .text          0x08049f00      0x4a6 CanReciveSend.o
                0x08049f00                can_end
                0x08049f1a                can_init
                0x0804a21e                can_send
                0x0804a05b                can_recive
 *fill*         0x0804a3a6        0x2 9090
 .text          0x0804a3a8      0x60f ForceAcq.o
                0x0804a5fb                force_feddata_manage_pthread
                0x0804a510                force_task_init
                0x0804a3a8                sig_handler2
                0x0804a454                force_resource_init
                0x0804a7d7                force_get_data_pthread
                0x0804a3de                force_task_end
                0x0804a6a9                force_can_recive_pthread
                0x0804a429                force_resource_end
                0x0804a6e2                force_can_send_pthread
 *fill*         0x0804a9b7        0x1 9090
 .text          0x0804a9b8      0x416 GaitData.o
                0x0804a9b8                GaitDataLtransform
                0x0804aacb                GaitDataLoad
                0x0804aa3b                FedDataSave
 *fill*         0x0804adce        0x2 9090
 .text          0x0804add0      0x9a9 HydraQuad.o
                0x0804add0                main
 *fill*         0x0804b779        0x3 9090
 .text          0x0804b77c      0x2e4 IMUAcq.o
                0x0804b7b2                imu_feddata_manage_pthread
                0x0804b849                imu_send_data_pthread
                0x0804b77c                sig_handler3
                0x0804b9a7                imu_get_data_pthread
 .text          0x0804ba60       0xc1 JointControler.o
                0x0804ba60                PID_Controler
 *fill*         0x0804bb21        0x3 9090
 .text          0x0804bb24       0xe0 JointDataFile.o
                0x0804bb5b                fed_file_open
                0x0804bb24                fed_file_close
 .text          0x0804bc04      0x735 MotionCurb.o
                0x0804bc3a                task_end
                0x0804bee9                feddata_manage_pthread
                0x0804bc04                sig_handler1
                0x0804bd86                task_init
                0x0804bf86                can_recive_pthread
                0x0804bea8                calibrate_ad_pthread
                0x0804bcbf                resource_init
                0x0804c0bc                gait_data_pthread
                0x0804bfbf                can_send_pthread
                0x0804bc90                resource_end
 *fill*         0x0804c339        0x3 9090
 .text          0x0804c33c      0xc27 MotionPlanning.o
                0x0804cb94                motion_planning
                0x0804c33c                drive_space
                0x0804c3da                foot_initial
                0x0804c5e8                ikinematic
                0x0804cb33                traj_produce
                0x0804c44f                trajectory_planning
                0x0804c4ab                cylinder_elongation
 *fill*         0x0804cf63        0x1 9090
 .text          0x0804cf64       0x63 ad_motion.o
                0x0804cf64                ad_limit
 *fill*         0x0804cfc7        0x1 9090
 .text          0x0804cfc8      0x24a rs485.o
                0x0804cfc8                getimudata
                0x0804d0f5                rs485init
 *fill*         0x0804d212        0xe 9090
 .text          0x0804d220       0x40 D:/QNX650/host/win32/x86/usr/lib/gcc/i486-pc-nto-qnx6.5.0/4.4.2/crtend.o
 .text          0x0804d260        0x0 D:/QNX650/target/qnx6/x86/lib/crtn.o
 *(.gnu.warning)

.fini           0x0804d260        0x8
 *(.fini)
 .fini          0x0804d260        0x0 D:/QNX650/target/qnx6/x86/lib/crti.o
                0x0804d260                _fini
 .fini          0x0804d260        0x5 D:/QNX650/host/win32/x86/usr/lib/gcc/i486-pc-nto-qnx6.5.0/4.4.2/crtbegin.o
 .fini          0x0804d265        0x3 D:/QNX650/target/qnx6/x86/lib/crtn.o
                0x0804d268                PROVIDE (__etext, .)
                0x0804d268                PROVIDE (_etext, .)
                0x0804d268                PROVIDE (etext, .)

.rodata         0x0804d280      0x9e9
 *(.rodata .rodata.* .gnu.linkonce.r.*)
 .rodata.str1.1
                0x0804d280       0xac CanReciveSend.o
 .rodata.str1.1
                0x0804d32c       0xd8 ForceAcq.o
                                 0xee (size before relaxing)
 .rodata.str1.4
                0x0804d404       0xc3 ForceAcq.o
 *fill*         0x0804d4c7        0x1 00
 .rodata.str1.4
                0x0804d4c8       0xb4 GaitData.o
 .rodata.str1.1
                0x0804d57c        0x9 GaitData.o
                                  0xb (size before relaxing)
 *fill*         0x0804d585        0x3 00
 .rodata.cst4   0x0804d588        0x4 GaitData.o
 .rodata.str1.1
                0x0804d58c      0x1b7 HydraQuad.o
 *fill*         0x0804d743        0x1 00
 .rodata.str1.4
                0x0804d744       0xaf HydraQuad.o
 .rodata.str1.1
                0x0804d7f3       0x72 IMUAcq.o
                                 0xb0 (size before relaxing)
 *fill*         0x0804d865        0x3 00
 .rodata.str1.4
                0x0804d868       0x23 IMUAcq.o
 *fill*         0x0804d88b       0x15 00
 .rodata        0x0804d8a0       0x70 JointControler.o
 .rodata.str1.1
                0x0804d910        0x4 JointDataFile.o
                                  0x6 (size before relaxing)
 .rodata.str1.4
                0x0804d914       0x80 JointDataFile.o
 .rodata.str1.1
                0x0804d994       0xd5 MotionCurb.o
                                0x147 (size before relaxing)
 *fill*         0x0804da69        0x3 00
 .rodata.str1.4
                0x0804da6c       0x1f MotionCurb.o
                                 0x43 (size before relaxing)
 .rodata.str1.1
                0x0804da8b       0x93 MotionPlanning.o
                                 0xbf (size before relaxing)
 *fill*         0x0804db1e        0x2 00
 .rodata.cst4   0x0804db20       0x30 MotionPlanning.o
 .rodata.cst8   0x0804db50       0x58 MotionPlanning.o
 .rodata.str1.1
                0x0804dba8        0x6 ad_motion.o
                                  0x8 (size before relaxing)
 *fill*         0x0804dbae        0x2 00
 .rodata.str1.4
                0x0804dbb0       0x26 ad_motion.o
 *fill*         0x0804dbd6        0x2 00
 .rodata.str1.4
                0x0804dbd8       0x48 rs485.o
 .rodata.str1.1
                0x0804dc20       0x3f rs485.o
 .rodata        0x0804dc5f        0xa rs485.o

.rodata1
 *(.rodata1)

.sdata2
 *(.sdata2 .sdata2.* .gnu.linkonce.s2.*)

.sbss2
 *(.sbss2 .sbss2.* .gnu.linkonce.sb2.*)

.eh_frame_hdr
 *(.eh_frame_hdr)

.eh_frame       0x0804dc6c        0x4
 *(.eh_frame)
 .eh_frame      0x0804dc6c        0x0 D:/QNX650/host/win32/x86/usr/lib/gcc/i486-pc-nto-qnx6.5.0/4.4.2/crtbegin.o
 .eh_frame      0x0804dc6c        0x4 D:/QNX650/host/win32/x86/usr/lib/gcc/i486-pc-nto-qnx6.5.0/4.4.2/crtend.o

.gcc_except_table
 *(.gcc_except_table .gcc_except_table.*)
                0x0804ec70                . = (ALIGN (0x1000) + (. & 0xfff))

.eh_frame
 *(.eh_frame)

.gcc_except_table
 *(.gcc_except_table .gcc_except_table.*)

.tdata
 *(.tdata .tdata.* .gnu.linkonce.td.*)

.tbss
 *(.tbss .tbss.* .gnu.linkonce.tb.*)
 *(.tcommon)

.preinit_array  0x0804ec70        0x0
                0x0804ec70                PROVIDE (__preinit_array_start, .)
 *(.preinit_array)
                0x0804ec70                PROVIDE (__preinit_array_end, .)

.init_array     0x0804ec70        0x0
                0x0804ec70                PROVIDE (__init_array_start, .)
 *(SORT(.init_array.*))
 *(.init_array)
                0x0804ec70                PROVIDE (__init_array_end, .)

.fini_array     0x0804ec70        0x0
                0x0804ec70                PROVIDE (__fini_array_start, .)
 *(.fini_array)
 *(SORT(.fini_array.*))
                0x0804ec70                PROVIDE (__fini_array_end, .)

.ctors          0x0804ec70        0x8
 *crtbegin.o(.ctors)
 .ctors         0x0804ec70        0x4 D:/QNX650/host/win32/x86/usr/lib/gcc/i486-pc-nto-qnx6.5.0/4.4.2/crtbegin.o
 *crtbegin?.o(.ctors)
 *(EXCLUDE_FILE(*crtend?.o *crtend.o) .ctors)
 *(SORT(.ctors.*))
 *(.ctors)
 .ctors         0x0804ec74        0x4 D:/QNX650/host/win32/x86/usr/lib/gcc/i486-pc-nto-qnx6.5.0/4.4.2/crtend.o

.dtors          0x0804ec78        0x8
 *crtbegin.o(.dtors)
 .dtors         0x0804ec78        0x4 D:/QNX650/host/win32/x86/usr/lib/gcc/i486-pc-nto-qnx6.5.0/4.4.2/crtbegin.o
 *crtbegin?.o(.dtors)
 *(EXCLUDE_FILE(*crtend?.o *crtend.o) .dtors)
 *(SORT(.dtors.*))
 *(.dtors)
 .dtors         0x0804ec7c        0x4 D:/QNX650/host/win32/x86/usr/lib/gcc/i486-pc-nto-qnx6.5.0/4.4.2/crtend.o
                0x0804ec7c                __DTOR_END__

.jcr            0x0804ec80        0x4
 *(.jcr)
 .jcr           0x0804ec80        0x0 D:/QNX650/host/win32/x86/usr/lib/gcc/i486-pc-nto-qnx6.5.0/4.4.2/crtbegin.o
 .jcr           0x0804ec80        0x4 D:/QNX650/host/win32/x86/usr/lib/gcc/i486-pc-nto-qnx6.5.0/4.4.2/crtend.o

.data.rel.ro
 *(.data.rel.ro.local* .gnu.linkonce.d.rel.ro.local.*)
 *(.data.rel.ro* .gnu.linkonce.d.rel.ro.*)

.dynamic        0x0804ec84       0xc0
 *(.dynamic)
 .dynamic       0x0804ec84       0xc0 D:/QNX650/target/qnx6/x86/lib/crt1.o
                0x0804ec84                _DYNAMIC

.data           0x0804ed44       0x50
 *(.data .data.* .gnu.linkonce.d.*)
 .data          0x0804ed44        0x0 D:/QNX650/target/qnx6/x86/lib/crt1.o
 .data          0x0804ed44        0x0 D:/QNX650/target/qnx6/x86/lib/crti.o
 .data          0x0804ed44        0x0 D:/QNX650/host/win32/x86/usr/lib/gcc/i486-pc-nto-qnx6.5.0/4.4.2/crtbegin.o
 .data.rel      0x0804ed44        0x4 D:/QNX650/host/win32/x86/usr/lib/gcc/i486-pc-nto-qnx6.5.0/4.4.2/crtbegin.o
                0x0804ed44                __dso_handle
 .data          0x0804ed48        0x0 CanConfigure.o
 .data          0x0804ed48        0x0 CanReciveSend.o
 .data          0x0804ed48        0x0 ForceAcq.o
 .data          0x0804ed48        0x0 GaitData.o
 .data          0x0804ed48       0x46 HydraQuad.o
                0x0804ed76                forcepath
                0x0804ed60                imupath
                0x0804ed48                jointpath
 *fill*         0x0804ed8e        0x2 00
 .data          0x0804ed90        0x0 IMUAcq.o
 .data          0x0804ed90        0x0 JointControler.o
 .data          0x0804ed90        0x0 JointDataFile.o
 .data          0x0804ed90        0x4 MotionCurb.o
 .data          0x0804ed94        0x0 MotionPlanning.o
 .data          0x0804ed94        0x0 ad_motion.o
 .data          0x0804ed94        0x0 rs485.o
 .data          0x0804ed94        0x0 D:/QNX650/host/win32/x86/usr/lib/gcc/i486-pc-nto-qnx6.5.0/4.4.2/crtend.o
 .data          0x0804ed94        0x0 D:/QNX650/target/qnx6/x86/lib/crtn.o

.data1
 *(.data1)

.got            0x0804ed94      0x110
 *(.got.plt)
 .got.plt       0x0804ed94      0x100 D:/QNX650/target/qnx6/x86/lib/crt1.o
                0x0804ed94                _GLOBAL_OFFSET_TABLE_
 *(.got)
 .got           0x0804ee94       0x10 D:/QNX650/target/qnx6/x86/lib/crt1.o

.sdata
 *(.sdata .sdata.* .gnu.linkonce.s.*)
                0x0804eea4                _edata = .
                0x0804eea4                PROVIDE (edata, .)
                0x0804eea4                __bss_start = .

.sbss
 *(.dynsbss)
 *(.sbss .sbss.* .gnu.linkonce.sb.*)
 *(.scommon)

.bss            0x0804eec0     0x1640
 *(.dynbss)
 .dynbss        0x0804eec0        0x4 D:/QNX650/target/qnx6/x86/lib/crt1.o
                0x0804eec0                errno
 *(.bss .bss.* .gnu.linkonce.b.*)
 .bss           0x0804eec4        0x0 D:/QNX650/target/qnx6/x86/lib/crt1.o
 .bss           0x0804eec4        0x0 D:/QNX650/target/qnx6/x86/lib/crti.o
 .bss           0x0804eec4       0x20 D:/QNX650/host/win32/x86/usr/lib/gcc/i486-pc-nto-qnx6.5.0/4.4.2/crtbegin.o
 .bss           0x0804eee4        0x0 CanConfigure.o
 .bss           0x0804eee4        0x0 CanReciveSend.o
 .bss           0x0804eee4        0x4 ForceAcq.o
 .bss           0x0804eee8        0x0 GaitData.o
 .bss           0x0804eee8        0x0 HydraQuad.o
 .bss           0x0804eee8        0x0 IMUAcq.o
 .bss           0x0804eee8        0x8 JointControler.o
 .bss           0x0804eef0        0x0 JointDataFile.o
 .bss           0x0804eef0        0x0 MotionCurb.o
 .bss           0x0804eef0        0x0 MotionPlanning.o
 .bss           0x0804eef0        0x0 ad_motion.o
 .bss           0x0804eef0        0x0 rs485.o
 .bss           0x0804eef0        0x0 D:/QNX650/host/win32/x86/usr/lib/gcc/i486-pc-nto-qnx6.5.0/4.4.2/crtend.o
 .bss           0x0804eef0        0x0 D:/QNX650/target/qnx6/x86/lib/crtn.o
 *(COMMON)
 *fill*         0x0804eef0       0x10 00
 COMMON         0x0804ef00      0x154 ForceAcq.o
                0x0804ef00                UPLIMIT
                0x0804ef90                cond_send
                0x0804ef98                FORCE_GET_thread
                0x0804ef9c                FORCE_RE_thread
                0x0804efa0                FORCE_SD_thread
                0x0804efa4                mutex_cond_send
                0x0804efc0                DOWNLIMIT
                0x0804f050                FORCE_FD_thread
 *fill*         0x0804f054        0xc 00
 COMMON         0x0804f060      0x1b8 HydraQuad.o
                0x0804f060                force_buffer
                0x0804f0e0                joint_buffer
                0x0804f160                imu_buffer
                0x0804f1e0                motion_curb_pid
                0x0804f1e4                TP_thread
                0x0804f1e8                GAIT_DATA_thread
                0x0804f1ec                motion_planning_pid
                0x0804f1f0                MP_thread
                0x0804f1f4                CAN_WR_thread
                0x0804f1f8                IMU_acq_thread
                0x0804f1fc                CAL_AD_thread
                0x0804f200                force_acquisition_pid
                0x0804f204                FD_MANA_thread
                0x0804f208                IMU_FD_thread
                0x0804f20c                IMU_snd_thread
                0x0804f210                imu_acquisition_pid
                0x0804f214                CAN_RD_thread
 COMMON         0x0804f218        0x4 IMUAcq.o
                0x0804f218                signal_count3
 *fill*         0x0804f21c        0x4 00
 COMMON         0x0804f220     0x12e0 MotionCurb.o
                0x0804f220                fp
                0x0804f240                hopedata
                0x08050500                . = ALIGN ((. != 0x0)?0x4:0x1)
                0x08050500                . = ALIGN (0x4)
                0x08050500                . = ALIGN (0x4)
                0x08050500                _end = .
                0x08050500                PROVIDE (end, .)

.stab
 *(.stab)

.stabstr
 *(.stabstr)

.stab.excl
 *(.stab.excl)

.stab.exclstr
 *(.stab.exclstr)

.stab.index
 *(.stab.index)

.stab.indexstr
 *(.stab.indexstr)

.comment        0x00000000       0xfc
 *(.comment)
 .comment       0x00000000       0x12 D:/QNX650/host/win32/x86/usr/lib/gcc/i486-pc-nto-qnx6.5.0/4.4.2/crtbegin.o
 .comment       0x00000012       0x12 CanConfigure.o
 .comment       0x00000024       0x12 CanReciveSend.o
 .comment       0x00000036       0x12 ForceAcq.o
 .comment       0x00000048       0x12 GaitData.o
 .comment       0x0000005a       0x12 HydraQuad.o
 .comment       0x0000006c       0x12 IMUAcq.o
 .comment       0x0000007e       0x12 JointControler.o
 .comment       0x00000090       0x12 JointDataFile.o
 .comment       0x000000a2       0x12 MotionCurb.o
 .comment       0x000000b4       0x12 MotionPlanning.o
 .comment       0x000000c6       0x12 ad_motion.o
 .comment       0x000000d8       0x12 rs485.o
 .comment       0x000000ea       0x12 D:/QNX650/host/win32/x86/usr/lib/gcc/i486-pc-nto-qnx6.5.0/4.4.2/crtend.o

.debug
 *(.debug)

.line
 *(.line)

.debug_srcinfo
 *(.debug_srcinfo)

.debug_sfnames
 *(.debug_sfnames)

.debug_aranges
 *(.debug_aranges)

.debug_pubnames
 *(.debug_pubnames)

.debug_info
 *(.debug_info .gnu.linkonce.wi.*)

.debug_abbrev
 *(.debug_abbrev)

.debug_line
 *(.debug_line)

.debug_frame
 *(.debug_frame)

.debug_str
 *(.debug_str)

.debug_loc
 *(.debug_loc)

.debug_macinfo
 *(.debug_macinfo)

.debug_weaknames
 *(.debug_weaknames)

.debug_funcnames
 *(.debug_funcnames)

.debug_typenames
 *(.debug_typenames)

.debug_varnames
 *(.debug_varnames)

.debug_pubtypes
 *(.debug_pubtypes)

.debug_ranges
 *(.debug_ranges)

.gnu.attributes
 *(.gnu.attributes)

/DISCARD/
 *(.note.GNU-stack)
 *(.gnu_debuglink)
OUTPUT(E:/ide-4.7-workspace/HydraQuad-master/HydraQuad-master/x86/o/HydraQuad-master elf32-i386)
