
Allocating common symbols
Common symbol       size              file

cond_send           0x8               HydraQuad.o
fp                  0x10              HydraQuad.o
hopedata            0x12c0            HydraQuad.o
mutex_cond_send     0x8               HydraQuad.o
UPLIMIT             0x90              GaitData.o
motion_curb_pid     0x4               HydraQuad.o
CAN_RD_thread       0x4               HydraQuad.o
DOWNLIMIT           0x90              GaitData.o
CAL_AD_thread       0x4               HydraQuad.o
AD_calibrate_pid    0x4               HydraQuad.o
FD_MANA_thread      0x4               HydraQuad.o
GAIT_DATA_thread    0x4               HydraQuad.o
CAN_WR_thread       0x4               HydraQuad.o

Memory Configuration

Name             Origin             Length             Attributes
*default*        0x00000000         0xffffffff

Linker script and memory map

TARGET(elf32-i386)
LOAD D:/QNX650/target/qnx6/x86/lib/crt1.o
LOAD D:/QNX650/target/qnx6/x86/lib/crti.o
LOAD D:/QNX650/host/win32/x86/usr/lib/gcc/i486-pc-nto-qnx6.5.0/4.4.2/crtbegin.o
LOAD CanConfigure.o
LOAD CanReciveSend.o
LOAD GaitData.o
LOAD HydraQuad.o
LOAD JointControler.o
LOAD JointDataFile.o
LOAD SystemInit.o
LOAD ad_motion.o
LOAD D:/QNX650/host/win32/x86/usr/lib/gcc/i486-pc-nto-qnx6.5.0/4.4.2/libgcc.a
LOAD D:/QNX650/target/qnx6/x86/lib/libc.so
LOAD D:/QNX650/target/qnx6/x86/lib\libc.a
LOAD D:/QNX650/host/win32/x86/usr/lib/gcc/i486-pc-nto-qnx6.5.0/4.4.2/libgcc.a
LOAD D:/QNX650/host/win32/x86/usr/lib/gcc/i486-pc-nto-qnx6.5.0/4.4.2/crtend.o
LOAD D:/QNX650/target/qnx6/x86/lib/crtn.o
                0x08048000                PROVIDE (__executable_start, 0x8048000)
                0x080480f4                . = (0x8048000 + SIZEOF_HEADERS)

.interp         0x080480f4       0x14
 *(.interp)
 .interp        0x080480f4       0x14 D:/QNX650/target/qnx6/x86/lib/crt1.o

.note           0x08048108       0x18
 .note          0x08048108       0x18 D:/QNX650/target/qnx6/x86/lib/crtn.o

.note.gnu.build-id
 *(.note.gnu.build-id)

.hash           0x08048120      0x27c
 *(.hash)
 .hash          0x08048120      0x27c D:/QNX650/target/qnx6/x86/lib/crt1.o

.gnu.hash
 *(.gnu.hash)

.dynsym         0x0804839c      0x5a0
 *(.dynsym)
 .dynsym        0x0804839c      0x5a0 D:/QNX650/target/qnx6/x86/lib/crt1.o

.dynstr         0x0804893c      0x3ec
 *(.dynstr)
 .dynstr        0x0804893c      0x3ec D:/QNX650/target/qnx6/x86/lib/crt1.o

.gnu.version    0x08048d28        0x0
 *(.gnu.version)
 .gnu.version   0x00000000        0x0 D:/QNX650/target/qnx6/x86/lib/crt1.o

.gnu.version_d  0x08048d28        0x0
 *(.gnu.version_d)
 .gnu.version_d
                0x00000000        0x0 D:/QNX650/target/qnx6/x86/lib/crt1.o

.gnu.version_r  0x08048d28        0x0
 *(.gnu.version_r)
 .gnu.version_r
                0x00000000        0x0 D:/QNX650/target/qnx6/x86/lib/crt1.o

.rel.dyn        0x08048d28       0x28
 *(.rel.init)
 *(.rel.text .rel.text.* .rel.gnu.linkonce.t.*)
 .rel.text      0x00000000        0x0 D:/QNX650/target/qnx6/x86/lib/crt1.o
 *(.rel.fini)
 *(.rel.rodata .rel.rodata.* .rel.gnu.linkonce.r.*)
 *(.rel.data.rel.ro* .rel.gnu.linkonce.d.rel.ro.*)
 *(.rel.data .rel.data.* .rel.gnu.linkonce.d.*)
 *(.rel.tdata .rel.tdata.* .rel.gnu.linkonce.td.*)
 *(.rel.tbss .rel.tbss.* .rel.gnu.linkonce.tb.*)
 *(.rel.ctors)
 *(.rel.dtors)
 *(.rel.got)
 .rel.got       0x08048d28       0x20 D:/QNX650/target/qnx6/x86/lib/crt1.o
 *(.rel.sdata .rel.sdata.* .rel.gnu.linkonce.s.*)
 *(.rel.sbss .rel.sbss.* .rel.gnu.linkonce.sb.*)
 *(.rel.sdata2 .rel.sdata2.* .rel.gnu.linkonce.s2.*)
 *(.rel.sbss2 .rel.sbss2.* .rel.gnu.linkonce.sb2.*)
 *(.rel.bss .rel.bss.* .rel.gnu.linkonce.b.*)
 .rel.bss       0x08048d48        0x8 D:/QNX650/target/qnx6/x86/lib/crt1.o

.rela.dyn
 *(.rela.init)
 *(.rela.text .rela.text.* .rela.gnu.linkonce.t.*)
 *(.rela.fini)
 *(.rela.rodata .rela.rodata.* .rela.gnu.linkonce.r.*)
 *(.rela.data .rela.data.* .rela.gnu.linkonce.d.*)
 *(.rela.tdata .rela.tdata.* .rela.gnu.linkonce.td.*)
 *(.rela.tbss .rela.tbss.* .rela.gnu.linkonce.tb.*)
 *(.rela.ctors)
 *(.rela.dtors)
 *(.rela.got)
 *(.rela.sdata .rela.sdata.* .rela.gnu.linkonce.s.*)
 *(.rela.sbss .rela.sbss.* .rela.gnu.linkonce.sb.*)
 *(.rela.sdata2 .rela.sdata2.* .rela.gnu.linkonce.s2.*)
 *(.rela.sbss2 .rela.sbss2.* .rela.gnu.linkonce.sb2.*)
 *(.rela.bss .rela.bss.* .rela.gnu.linkonce.b.*)

.rel.plt        0x08048d50      0x158
 *(.rel.plt)
 .rel.plt       0x08048d50      0x158 D:/QNX650/target/qnx6/x86/lib/crt1.o

.rela.plt
 *(.rela.plt)

.init           0x08048ea8        0xd
 *(.init)
 .init          0x08048ea8        0x0 D:/QNX650/target/qnx6/x86/lib/crti.o
                0x08048ea8                _init
 .init          0x08048ea8        0x5 D:/QNX650/host/win32/x86/usr/lib/gcc/i486-pc-nto-qnx6.5.0/4.4.2/crtbegin.o
 .init          0x08048ead        0x5 D:/QNX650/host/win32/x86/usr/lib/gcc/i486-pc-nto-qnx6.5.0/4.4.2/crtend.o
 .init          0x08048eb2        0x3 D:/QNX650/target/qnx6/x86/lib/crtn.o

.plt            0x08048eb8      0x2c0
 *(.plt)
 .plt           0x08048eb8      0x2c0 D:/QNX650/target/qnx6/x86/lib/crt1.o
                0x08048ec8                waitpid
                0x08048ed8                ioctl
                0x08048ee8                pthread_cond_signal
                0x08048ef8                printf
                0x08048f08                _init_array
                0x08048f18                pthread_create
                0x08048f28                pthread_exit
                0x08048f38                usleep
                0x08048f48                getpid
                0x08048f58                _preinit_array
                0x08048f68                fscanf
                0x08048f78                perror
                0x08048f88                puts
                0x08048f98                __cxa_finalize
                0x08048fa8                sem_destroy
                0x08048fb8                sem_wait
                0x08048fc8                sem_post
                0x08048fd8                select
                0x08048fe8                write
                0x08048ff8                fprintf
                0x08049008                ctime
                0x08049028                __get_errno_ptr
                0x08049038                sem_init
                0x08049048                read
                0x08049058                pthread_cond_init
                0x08049068                fork
                0x08049078                _init_libc
                0x08049088                fopen
                0x08049098                fclose
                0x080490a8                _fini_array
                0x080490b8                pthread_mutex_unlock
                0x080490c8                atexit
                0x080490d8                pthread_mutex_destroy
                0x080490e8                pthread_mutex_lock
                0x080490f8                pthread_cond_wait
                0x08049108                exit
                0x08049118                pthread_cond_destroy
                0x08049128                pthread_mutex_init
                0x08049138                open
                0x08049148                pthread_join
                0x08049168                close

.text           0x08049180     0x1c10
                0x08049180                _btext = .
 *(.text .stub .text.* .gnu.linkonce.t.*)
 .text          0x08049180       0x91 D:/QNX650/target/qnx6/x86/lib/crt1.o
                0x08049188                _start
 *fill*         0x08049211        0x3 9090
 .text          0x08049214        0x0 D:/QNX650/target/qnx6/x86/lib/crti.o
 *fill*         0x08049214        0xc 9090
 .text          0x08049220      0x10e D:/QNX650/host/win32/x86/usr/lib/gcc/i486-pc-nto-qnx6.5.0/4.4.2/crtbegin.o
 *fill*         0x0804932e        0x2 9090
 .text          0x08049330      0x1c0 CanConfigure.o
                0x080493a4                set_acccode
                0x08049447                set_accmask
                0x08049330                set_bitrate
 .text          0x080494f0      0x545 CanReciveSend.o
                0x080494f0                can_end
                0x0804951a                can_init
                0x0804965e                can_recive
                0x0804983c                can_send
 *fill*         0x08049a35        0x3 9090
 .text          0x08049a38      0x5e4 GaitData.o
                0x08049abb                FedDataSave
                0x08049a38                GaitDataLtransform
                0x08049dc2                GaitDataLoad
 .text          0x0804a01c      0x370 HydraQuad.o
                0x0804a01c                main
 .text          0x0804a38c       0x3e JointControler.o
                0x0804a38c                PID_Controler
 *fill*         0x0804a3ca        0x2 9090
 .text          0x0804a3cc       0xe0 JointDataFile.o
                0x0804a3cc                fed_file_close
                0x0804a403                fed_file_open
 .text          0x0804a4ac      0x770 SystemInit.o
                0x0804a4ac                task_end
                0x0804aa2f                can_send_pthread
                0x0804a9ea                can_recive_pthread
                0x0804a502                resource_end
                0x0804a835                feddata_manage_pthread
                0x0804ab24                gait_data_pthread
                0x0804a6e2                calibrate_ad_pthread
                0x0804a531                resource_init
                0x0804a5c0                task_init
 .text          0x0804ac1c      0x126 ad_motion.o
                0x0804ac1c                ad_limit
 *fill*         0x0804ad42        0xe 9090
 .text          0x0804ad50       0x40 D:/QNX650/host/win32/x86/usr/lib/gcc/i486-pc-nto-qnx6.5.0/4.4.2/crtend.o
 .text          0x0804ad90        0x0 D:/QNX650/target/qnx6/x86/lib/crtn.o
 *(.gnu.warning)

.fini           0x0804ad90        0x8
 *(.fini)
 .fini          0x0804ad90        0x0 D:/QNX650/target/qnx6/x86/lib/crti.o
                0x0804ad90                _fini
 .fini          0x0804ad90        0x5 D:/QNX650/host/win32/x86/usr/lib/gcc/i486-pc-nto-qnx6.5.0/4.4.2/crtbegin.o
 .fini          0x0804ad95        0x3 D:/QNX650/target/qnx6/x86/lib/crtn.o
                0x0804ad98                PROVIDE (__etext, .)
                0x0804ad98                PROVIDE (_etext, .)
                0x0804ad98                PROVIDE (etext, .)

.rodata         0x0804ad98      0x488
 *(.rodata .rodata.* .gnu.linkonce.r.*)
 .rodata.str1.1
                0x0804ad98       0xb2 CanReciveSend.o
 .rodata.str1.1
                0x0804ae4a       0xa5 GaitData.o
                                 0xa7 (size before relaxing)
 *fill*         0x0804aeef        0x1 00
 .rodata.str1.4
                0x0804aef0       0x90 GaitData.o
 .rodata.cst4   0x0804af80        0x4 GaitData.o
 .rodata.str1.1
                0x0804af84       0x8d HydraQuad.o
 *fill*         0x0804b011        0x3 00
 .rodata.str1.4
                0x0804b014       0x48 HydraQuad.o
 .rodata.str1.1
                0x0804b05c        0x6 JointDataFile.o
 *fill*         0x0804b062        0x2 00
 .rodata.str1.4
                0x0804b064       0x80 JointDataFile.o
 .rodata.str1.1
                0x0804b0e4      0x117 SystemInit.o
 *fill*         0x0804b1fb        0x1 00
 .rodata.str1.4
                0x0804b1fc       0x20 SystemInit.o
                                 0x1f (size before relaxing)
 .rodata.cst4   0x0804b21c        0x4 SystemInit.o

.rodata1
 *(.rodata1)

.sdata2
 *(.sdata2 .sdata2.* .gnu.linkonce.s2.*)

.sbss2
 *(.sbss2 .sbss2.* .gnu.linkonce.sb2.*)

.eh_frame_hdr
 *(.eh_frame_hdr)

.eh_frame       0x0804b220        0x4
 *(.eh_frame)
 .eh_frame      0x0804b220        0x0 D:/QNX650/host/win32/x86/usr/lib/gcc/i486-pc-nto-qnx6.5.0/4.4.2/crtbegin.o
 .eh_frame      0x0804b220        0x4 D:/QNX650/host/win32/x86/usr/lib/gcc/i486-pc-nto-qnx6.5.0/4.4.2/crtend.o

.gcc_except_table
 *(.gcc_except_table .gcc_except_table.*)
                0x0804c224                . = (ALIGN (0x1000) + (. & 0xfff))

.eh_frame
 *(.eh_frame)

.gcc_except_table
 *(.gcc_except_table .gcc_except_table.*)

.tdata
 *(.tdata .tdata.* .gnu.linkonce.td.*)

.tbss
 *(.tbss .tbss.* .gnu.linkonce.tb.*)
 *(.tcommon)

.preinit_array  0x0804c224        0x0
                0x0804c224                PROVIDE (__preinit_array_start, .)
 *(.preinit_array)
                0x0804c224                PROVIDE (__preinit_array_end, .)

.init_array     0x0804c224        0x0
                0x0804c224                PROVIDE (__init_array_start, .)
 *(SORT(.init_array.*))
 *(.init_array)
                0x0804c224                PROVIDE (__init_array_end, .)

.fini_array     0x0804c224        0x0
                0x0804c224                PROVIDE (__fini_array_start, .)
 *(.fini_array)
 *(SORT(.fini_array.*))
                0x0804c224                PROVIDE (__fini_array_end, .)

.ctors          0x0804c224        0x8
 *crtbegin.o(.ctors)
 .ctors         0x0804c224        0x4 D:/QNX650/host/win32/x86/usr/lib/gcc/i486-pc-nto-qnx6.5.0/4.4.2/crtbegin.o
 *crtbegin?.o(.ctors)
 *(EXCLUDE_FILE(*crtend?.o *crtend.o) .ctors)
 *(SORT(.ctors.*))
 *(.ctors)
 .ctors         0x0804c228        0x4 D:/QNX650/host/win32/x86/usr/lib/gcc/i486-pc-nto-qnx6.5.0/4.4.2/crtend.o

.dtors          0x0804c22c        0x8
 *crtbegin.o(.dtors)
 .dtors         0x0804c22c        0x4 D:/QNX650/host/win32/x86/usr/lib/gcc/i486-pc-nto-qnx6.5.0/4.4.2/crtbegin.o
 *crtbegin?.o(.dtors)
 *(EXCLUDE_FILE(*crtend?.o *crtend.o) .dtors)
 *(SORT(.dtors.*))
 *(.dtors)
 .dtors         0x0804c230        0x4 D:/QNX650/host/win32/x86/usr/lib/gcc/i486-pc-nto-qnx6.5.0/4.4.2/crtend.o
                0x0804c230                __DTOR_END__

.jcr            0x0804c234        0x4
 *(.jcr)
 .jcr           0x0804c234        0x0 D:/QNX650/host/win32/x86/usr/lib/gcc/i486-pc-nto-qnx6.5.0/4.4.2/crtbegin.o
 .jcr           0x0804c234        0x4 D:/QNX650/host/win32/x86/usr/lib/gcc/i486-pc-nto-qnx6.5.0/4.4.2/crtend.o

.data.rel.ro
 *(.data.rel.ro.local* .gnu.linkonce.d.rel.ro.local.*)
 *(.data.rel.ro* .gnu.linkonce.d.rel.ro.*)

.dynamic        0x0804c238       0xb0
 *(.dynamic)
 .dynamic       0x0804c238       0xb0 D:/QNX650/target/qnx6/x86/lib/crt1.o
                0x0804c238                _DYNAMIC

.data           0x0804c2e8        0x4
 *(.data .data.* .gnu.linkonce.d.*)
 .data          0x0804c2e8        0x0 D:/QNX650/target/qnx6/x86/lib/crt1.o
 .data          0x0804c2e8        0x0 D:/QNX650/target/qnx6/x86/lib/crti.o
 .data          0x0804c2e8        0x0 D:/QNX650/host/win32/x86/usr/lib/gcc/i486-pc-nto-qnx6.5.0/4.4.2/crtbegin.o
 .data.rel      0x0804c2e8        0x4 D:/QNX650/host/win32/x86/usr/lib/gcc/i486-pc-nto-qnx6.5.0/4.4.2/crtbegin.o
                0x0804c2e8                __dso_handle
 .data          0x0804c2ec        0x0 CanConfigure.o
 .data          0x0804c2ec        0x0 CanReciveSend.o
 .data          0x0804c2ec        0x0 GaitData.o
 .data          0x0804c2ec        0x0 HydraQuad.o
 .data          0x0804c2ec        0x0 JointControler.o
 .data          0x0804c2ec        0x0 JointDataFile.o
 .data          0x0804c2ec        0x0 SystemInit.o
 .data          0x0804c2ec        0x0 ad_motion.o
 .data          0x0804c2ec        0x0 D:/QNX650/host/win32/x86/usr/lib/gcc/i486-pc-nto-qnx6.5.0/4.4.2/crtend.o
 .data          0x0804c2ec        0x0 D:/QNX650/target/qnx6/x86/lib/crtn.o

.data1
 *(.data1)

.got            0x0804c2ec       0xc8
 *(.got.plt)
 .got.plt       0x0804c2ec       0xb8 D:/QNX650/target/qnx6/x86/lib/crt1.o
                0x0804c2ec                _GLOBAL_OFFSET_TABLE_
 *(.got)
 .got           0x0804c3a4       0x10 D:/QNX650/target/qnx6/x86/lib/crt1.o

.sdata
 *(.sdata .sdata.* .gnu.linkonce.s.*)
                0x0804c3b4                _edata = .
                0x0804c3b4                PROVIDE (edata, .)
                0x0804c3b4                __bss_start = .

.sbss
 *(.dynsbss)
 *(.sbss .sbss.* .gnu.linkonce.sb.*)
 *(.scommon)

.bss            0x0804c3c0     0x1484
 *(.dynbss)
 .dynbss        0x0804c3c0        0x4 D:/QNX650/target/qnx6/x86/lib/crt1.o
                0x0804c3c0                errno
 *(.bss .bss.* .gnu.linkonce.b.*)
 .bss           0x0804c3c4        0x0 D:/QNX650/target/qnx6/x86/lib/crt1.o
 .bss           0x0804c3c4        0x0 D:/QNX650/target/qnx6/x86/lib/crti.o
 .bss           0x0804c3c4       0x20 D:/QNX650/host/win32/x86/usr/lib/gcc/i486-pc-nto-qnx6.5.0/4.4.2/crtbegin.o
 .bss           0x0804c3e4        0x0 CanConfigure.o
 .bss           0x0804c3e4        0x0 CanReciveSend.o
 .bss           0x0804c3e4        0x0 GaitData.o
 .bss           0x0804c3e4        0x0 HydraQuad.o
 .bss           0x0804c3e4        0x0 JointControler.o
 .bss           0x0804c3e4        0x0 JointDataFile.o
 .bss           0x0804c3e4        0x0 SystemInit.o
 .bss           0x0804c3e4        0x0 ad_motion.o
 .bss           0x0804c3e4        0x0 D:/QNX650/host/win32/x86/usr/lib/gcc/i486-pc-nto-qnx6.5.0/4.4.2/crtend.o
 .bss           0x0804c3e4        0x0 D:/QNX650/target/qnx6/x86/lib/crtn.o
 *(COMMON)
 *fill*         0x0804c3e4       0x1c 00
 COMMON         0x0804c400      0x130 GaitData.o
                0x0804c400                UPLIMIT
                0x0804c4a0                DOWNLIMIT
 *fill*         0x0804c530       0x10 00
 COMMON         0x0804c540     0x1304 HydraQuad.o
                0x0804c540                cond_send
                0x0804c548                fp
                0x0804c560                hopedata
                0x0804d820                mutex_cond_send
                0x0804d828                motion_curb_pid
                0x0804d82c                CAN_RD_thread
                0x0804d830                CAL_AD_thread
                0x0804d834                AD_calibrate_pid
                0x0804d838                FD_MANA_thread
                0x0804d83c                GAIT_DATA_thread
                0x0804d840                CAN_WR_thread
                0x0804d844                . = ALIGN ((. != 0x0)?0x4:0x1)
                0x0804d844                . = ALIGN (0x4)
                0x0804d844                . = ALIGN (0x4)
                0x0804d844                _end = .
                0x0804d844                PROVIDE (end, .)

.stab
 *(.stab)

.stabstr
 *(.stabstr)

.stab.excl
 *(.stab.excl)

.stab.exclstr
 *(.stab.exclstr)

.stab.index
 *(.stab.index)

.stab.indexstr
 *(.stab.indexstr)

.comment        0x00000000       0xb4
 *(.comment)
 .comment       0x00000000       0x12 D:/QNX650/host/win32/x86/usr/lib/gcc/i486-pc-nto-qnx6.5.0/4.4.2/crtbegin.o
 .comment       0x00000012       0x12 CanConfigure.o
 .comment       0x00000024       0x12 CanReciveSend.o
 .comment       0x00000036       0x12 GaitData.o
 .comment       0x00000048       0x12 HydraQuad.o
 .comment       0x0000005a       0x12 JointControler.o
 .comment       0x0000006c       0x12 JointDataFile.o
 .comment       0x0000007e       0x12 SystemInit.o
 .comment       0x00000090       0x12 ad_motion.o
 .comment       0x000000a2       0x12 D:/QNX650/host/win32/x86/usr/lib/gcc/i486-pc-nto-qnx6.5.0/4.4.2/crtend.o

.debug
 *(.debug)

.line
 *(.line)

.debug_srcinfo
 *(.debug_srcinfo)

.debug_sfnames
 *(.debug_sfnames)

.debug_aranges
 *(.debug_aranges)

.debug_pubnames
 *(.debug_pubnames)

.debug_info
 *(.debug_info .gnu.linkonce.wi.*)

.debug_abbrev
 *(.debug_abbrev)

.debug_line
 *(.debug_line)

.debug_frame
 *(.debug_frame)

.debug_str
 *(.debug_str)

.debug_loc
 *(.debug_loc)

.debug_macinfo
 *(.debug_macinfo)

.debug_weaknames
 *(.debug_weaknames)

.debug_funcnames
 *(.debug_funcnames)

.debug_typenames
 *(.debug_typenames)

.debug_varnames
 *(.debug_varnames)

.debug_pubtypes
 *(.debug_pubtypes)

.debug_ranges
 *(.debug_ranges)

.gnu.attributes
 *(.gnu.attributes)

/DISCARD/
 *(.note.GNU-stack)
 *(.gnu_debuglink)
OUTPUT(E:/ide-4.7-workspace/HydraQuad-master/HydraQuad-master/x86/o/HydraQuad-master elf32-i386)
