
Allocating common symbols
Common symbol       size              file

cond_send           0x8               HydraQuad.o
fp                  0x10              HydraQuad.o
hopedata            0x12c0            HydraQuad.o
mutex_cond_send     0x8               HydraQuad.o
UPLIMIT             0x90              GaitData.o
motion_curb_pid     0x4               HydraQuad.o
CAN_RD_thread       0x4               HydraQuad.o
send_condition      0x4               HydraQuad.o
DOWNLIMIT           0x90              GaitData.o
CAL_AD_thread       0x4               HydraQuad.o
AD_calibrate_pid    0x4               HydraQuad.o
FD_MANA_thread      0x4               HydraQuad.o
GAIT_DATA_thread    0x4               HydraQuad.o
CAN_WR_thread       0x4               HydraQuad.o

Memory Configuration

Name             Origin             Length             Attributes
*default*        0x00000000         0xffffffff

Linker script and memory map

TARGET(elf32-i386)
LOAD D:/QNX650/target/qnx6/x86/lib/crt1.o
LOAD D:/QNX650/target/qnx6/x86/lib/crti.o
LOAD D:/QNX650/host/win32/x86/usr/lib/gcc/i486-pc-nto-qnx6.5.0/4.4.2/crtbegin.o
LOAD CanConfigure.o
LOAD CanReciveSend.o
LOAD GaitData.o
LOAD HydraQuad.o
LOAD JointControler.o
LOAD JointDataFile.o
LOAD SystemInit.o
LOAD ad_motion.o
LOAD D:/QNX650/host/win32/x86/usr/lib/gcc/i486-pc-nto-qnx6.5.0/4.4.2/libgcc.a
LOAD D:/QNX650/target/qnx6/x86/lib/libc.so
LOAD D:/QNX650/target/qnx6/x86/lib\libc.a
LOAD D:/QNX650/host/win32/x86/usr/lib/gcc/i486-pc-nto-qnx6.5.0/4.4.2/libgcc.a
LOAD D:/QNX650/host/win32/x86/usr/lib/gcc/i486-pc-nto-qnx6.5.0/4.4.2/crtend.o
LOAD D:/QNX650/target/qnx6/x86/lib/crtn.o
                0x08048000                PROVIDE (__executable_start, 0x8048000)
                0x080480f4                . = (0x8048000 + SIZEOF_HEADERS)

.interp         0x080480f4       0x14
 *(.interp)
 .interp        0x080480f4       0x14 D:/QNX650/target/qnx6/x86/lib/crt1.o

.note           0x08048108       0x18
 .note          0x08048108       0x18 D:/QNX650/target/qnx6/x86/lib/crtn.o

.note.gnu.build-id
 *(.note.gnu.build-id)

.hash           0x08048120      0x280
 *(.hash)
 .hash          0x08048120      0x280 D:/QNX650/target/qnx6/x86/lib/crt1.o

.gnu.hash
 *(.gnu.hash)

.dynsym         0x080483a0      0x5b0
 *(.dynsym)
 .dynsym        0x080483a0      0x5b0 D:/QNX650/target/qnx6/x86/lib/crt1.o

.dynstr         0x08048950      0x3fb
 *(.dynstr)
 .dynstr        0x08048950      0x3fb D:/QNX650/target/qnx6/x86/lib/crt1.o

.gnu.version    0x08048d4c        0x0 load address 0x08048d4b
 *(.gnu.version)
 .gnu.version   0x00000000        0x0 D:/QNX650/target/qnx6/x86/lib/crt1.o

.gnu.version_d  0x08048d4c        0x0 load address 0x08048d4b
 *(.gnu.version_d)
 .gnu.version_d
                0x00000000        0x0 D:/QNX650/target/qnx6/x86/lib/crt1.o

.gnu.version_r  0x08048d4c        0x0 load address 0x08048d4b
 *(.gnu.version_r)
 .gnu.version_r
                0x00000000        0x0 D:/QNX650/target/qnx6/x86/lib/crt1.o

.rel.dyn        0x08048d4c       0x28
 *(.rel.init)
 *(.rel.text .rel.text.* .rel.gnu.linkonce.t.*)
 .rel.text      0x00000000        0x0 D:/QNX650/target/qnx6/x86/lib/crt1.o
 *(.rel.fini)
 *(.rel.rodata .rel.rodata.* .rel.gnu.linkonce.r.*)
 *(.rel.data.rel.ro* .rel.gnu.linkonce.d.rel.ro.*)
 *(.rel.data .rel.data.* .rel.gnu.linkonce.d.*)
 *(.rel.tdata .rel.tdata.* .rel.gnu.linkonce.td.*)
 *(.rel.tbss .rel.tbss.* .rel.gnu.linkonce.tb.*)
 *(.rel.ctors)
 *(.rel.dtors)
 *(.rel.got)
 .rel.got       0x08048d4c       0x20 D:/QNX650/target/qnx6/x86/lib/crt1.o
 *(.rel.sdata .rel.sdata.* .rel.gnu.linkonce.s.*)
 *(.rel.sbss .rel.sbss.* .rel.gnu.linkonce.sb.*)
 *(.rel.sdata2 .rel.sdata2.* .rel.gnu.linkonce.s2.*)
 *(.rel.sbss2 .rel.sbss2.* .rel.gnu.linkonce.sb2.*)
 *(.rel.bss .rel.bss.* .rel.gnu.linkonce.b.*)
 .rel.bss       0x08048d6c        0x8 D:/QNX650/target/qnx6/x86/lib/crt1.o

.rela.dyn
 *(.rela.init)
 *(.rela.text .rela.text.* .rela.gnu.linkonce.t.*)
 *(.rela.fini)
 *(.rela.rodata .rela.rodata.* .rela.gnu.linkonce.r.*)
 *(.rela.data .rela.data.* .rela.gnu.linkonce.d.*)
 *(.rela.tdata .rela.tdata.* .rela.gnu.linkonce.td.*)
 *(.rela.tbss .rela.tbss.* .rela.gnu.linkonce.tb.*)
 *(.rela.ctors)
 *(.rela.dtors)
 *(.rela.got)
 *(.rela.sdata .rela.sdata.* .rela.gnu.linkonce.s.*)
 *(.rela.sbss .rela.sbss.* .rela.gnu.linkonce.sb.*)
 *(.rela.sdata2 .rela.sdata2.* .rela.gnu.linkonce.s2.*)
 *(.rela.sbss2 .rela.sbss2.* .rela.gnu.linkonce.sb2.*)
 *(.rela.bss .rela.bss.* .rela.gnu.linkonce.b.*)

.rel.plt        0x08048d74      0x158
 *(.rel.plt)
 .rel.plt       0x08048d74      0x158 D:/QNX650/target/qnx6/x86/lib/crt1.o

.rela.plt
 *(.rela.plt)

.init           0x08048ecc        0xd
 *(.init)
 .init          0x08048ecc        0x0 D:/QNX650/target/qnx6/x86/lib/crti.o
                0x08048ecc                _init
 .init          0x08048ecc        0x5 D:/QNX650/host/win32/x86/usr/lib/gcc/i486-pc-nto-qnx6.5.0/4.4.2/crtbegin.o
 .init          0x08048ed1        0x5 D:/QNX650/host/win32/x86/usr/lib/gcc/i486-pc-nto-qnx6.5.0/4.4.2/crtend.o
 .init          0x08048ed6        0x3 D:/QNX650/target/qnx6/x86/lib/crtn.o

.plt            0x08048edc      0x2c0
 *(.plt)
 .plt           0x08048edc      0x2c0 D:/QNX650/target/qnx6/x86/lib/crt1.o
                0x08048eec                waitpid
                0x08048efc                ioctl
                0x08048f0c                pthread_cond_signal
                0x08048f1c                printf
                0x08048f2c                _init_array
                0x08048f3c                pthread_create
                0x08048f4c                pthread_exit
                0x08048f5c                usleep
                0x08048f6c                getpid
                0x08048f7c                _preinit_array
                0x08048f8c                fscanf
                0x08048f9c                perror
                0x08048fac                puts
                0x08048fbc                __cxa_finalize
                0x08048fcc                sem_destroy
                0x08048fdc                sem_wait
                0x08048fec                sem_post
                0x08048ffc                select
                0x0804900c                write
                0x0804901c                fprintf
                0x0804902c                ctime
                0x0804904c                __get_errno_ptr
                0x0804905c                sem_init
                0x0804906c                read
                0x0804907c                pthread_cond_init
                0x0804908c                fork
                0x0804909c                _init_libc
                0x080490ac                fopen
                0x080490bc                fclose
                0x080490cc                _fini_array
                0x080490dc                pthread_mutex_unlock
                0x080490ec                atexit
                0x080490fc                pthread_mutex_destroy
                0x0804910c                pthread_mutex_lock
                0x0804911c                pthread_cond_wait
                0x0804912c                exit
                0x0804913c                pthread_cond_destroy
                0x0804914c                pthread_mutex_init
                0x0804915c                open
                0x0804916c                pthread_join
                0x0804918c                close

.text           0x080491a0     0x1c20
                0x080491a0                _btext = .
 *(.text .stub .text.* .gnu.linkonce.t.*)
 .text          0x080491a0       0x91 D:/QNX650/target/qnx6/x86/lib/crt1.o
                0x080491a8                _start
 *fill*         0x08049231        0x3 9090
 .text          0x08049234        0x0 D:/QNX650/target/qnx6/x86/lib/crti.o
 *fill*         0x08049234        0xc 9090
 .text          0x08049240      0x10e D:/QNX650/host/win32/x86/usr/lib/gcc/i486-pc-nto-qnx6.5.0/4.4.2/crtbegin.o
 *fill*         0x0804934e        0x2 9090
 .text          0x08049350      0x1c0 CanConfigure.o
                0x080493c4                set_acccode
                0x08049467                set_accmask
                0x08049350                set_bitrate
 .text          0x08049510      0x545 CanReciveSend.o
                0x08049510                can_end
                0x0804953a                can_init
                0x0804967e                can_recive
                0x0804985c                can_send
 *fill*         0x08049a55        0x3 9090
 .text          0x08049a58      0x5e4 GaitData.o
                0x08049adb                FedDataSave
                0x08049a58                GaitDataLtransform
                0x08049de2                GaitDataLoad
 .text          0x0804a03c      0x370 HydraQuad.o
                0x0804a03c                main
 .text          0x0804a3ac       0x3e JointControler.o
                0x0804a3ac                PID_Controler
 *fill*         0x0804a3ea        0x2 9090
 .text          0x0804a3ec       0xe0 JointDataFile.o
                0x0804a3ec                fed_file_close
                0x0804a423                fed_file_open
 .text          0x0804a4cc      0x77e SystemInit.o
                0x0804a4cc                task_end
                0x0804aa6f                can_send_pthread
                0x0804aa14                can_recive_pthread
                0x0804a522                resource_end
                0x0804a85f                feddata_manage_pthread
                0x0804ab52                gait_data_pthread
                0x0804a70c                calibrate_ad_pthread
                0x0804a551                resource_init
                0x0804a5e0                task_init
 *fill*         0x0804ac4a        0x2 9090
 .text          0x0804ac4c      0x126 ad_motion.o
                0x0804ac4c                ad_limit
 *fill*         0x0804ad72        0xe 9090
 .text          0x0804ad80       0x40 D:/QNX650/host/win32/x86/usr/lib/gcc/i486-pc-nto-qnx6.5.0/4.4.2/crtend.o
 .text          0x0804adc0        0x0 D:/QNX650/target/qnx6/x86/lib/crtn.o
 *(.gnu.warning)

.fini           0x0804adc0        0x8
 *(.fini)
 .fini          0x0804adc0        0x0 D:/QNX650/target/qnx6/x86/lib/crti.o
                0x0804adc0                _fini
 .fini          0x0804adc0        0x5 D:/QNX650/host/win32/x86/usr/lib/gcc/i486-pc-nto-qnx6.5.0/4.4.2/crtbegin.o
 .fini          0x0804adc5        0x3 D:/QNX650/target/qnx6/x86/lib/crtn.o
                0x0804adc8                PROVIDE (__etext, .)
                0x0804adc8                PROVIDE (_etext, .)
                0x0804adc8                PROVIDE (etext, .)

.rodata         0x0804adc8      0x470
 *(.rodata .rodata.* .gnu.linkonce.r.*)
 .rodata.str1.1
                0x0804adc8       0xb2 CanReciveSend.o
 .rodata.str1.1
                0x0804ae7a       0xa5 GaitData.o
                                 0xa7 (size before relaxing)
 *fill*         0x0804af1f        0x1 00
 .rodata.str1.4
                0x0804af20       0x90 GaitData.o
 .rodata.cst4   0x0804afb0        0x4 GaitData.o
 .rodata.str1.1
                0x0804afb4       0x8d HydraQuad.o
 *fill*         0x0804b041        0x3 00
 .rodata.str1.4
                0x0804b044       0x48 HydraQuad.o
 .rodata.str1.1
                0x0804b08c        0x6 JointDataFile.o
 *fill*         0x0804b092        0x2 00
 .rodata.str1.4
                0x0804b094       0x80 JointDataFile.o
 .rodata.str1.1
                0x0804b114       0xfd SystemInit.o
 *fill*         0x0804b211        0x3 00
 .rodata.str1.4
                0x0804b214       0x20 SystemInit.o
                                 0x1f (size before relaxing)
 .rodata.cst4   0x0804b234        0x4 SystemInit.o

.rodata1
 *(.rodata1)

.sdata2
 *(.sdata2 .sdata2.* .gnu.linkonce.s2.*)

.sbss2
 *(.sbss2 .sbss2.* .gnu.linkonce.sb2.*)

.eh_frame_hdr
 *(.eh_frame_hdr)

.eh_frame       0x0804b238        0x4
 *(.eh_frame)
 .eh_frame      0x0804b238        0x0 D:/QNX650/host/win32/x86/usr/lib/gcc/i486-pc-nto-qnx6.5.0/4.4.2/crtbegin.o
 .eh_frame      0x0804b238        0x4 D:/QNX650/host/win32/x86/usr/lib/gcc/i486-pc-nto-qnx6.5.0/4.4.2/crtend.o

.gcc_except_table
 *(.gcc_except_table .gcc_except_table.*)
                0x0804c23c                . = (ALIGN (0x1000) + (. & 0xfff))

.eh_frame
 *(.eh_frame)

.gcc_except_table
 *(.gcc_except_table .gcc_except_table.*)

.tdata
 *(.tdata .tdata.* .gnu.linkonce.td.*)

.tbss
 *(.tbss .tbss.* .gnu.linkonce.tb.*)
 *(.tcommon)

.preinit_array  0x0804c23c        0x0
                0x0804c23c                PROVIDE (__preinit_array_start, .)
 *(.preinit_array)
                0x0804c23c                PROVIDE (__preinit_array_end, .)

.init_array     0x0804c23c        0x0
                0x0804c23c                PROVIDE (__init_array_start, .)
 *(SORT(.init_array.*))
 *(.init_array)
                0x0804c23c                PROVIDE (__init_array_end, .)

.fini_array     0x0804c23c        0x0
                0x0804c23c                PROVIDE (__fini_array_start, .)
 *(.fini_array)
 *(SORT(.fini_array.*))
                0x0804c23c                PROVIDE (__fini_array_end, .)

.ctors          0x0804c23c        0x8
 *crtbegin.o(.ctors)
 .ctors         0x0804c23c        0x4 D:/QNX650/host/win32/x86/usr/lib/gcc/i486-pc-nto-qnx6.5.0/4.4.2/crtbegin.o
 *crtbegin?.o(.ctors)
 *(EXCLUDE_FILE(*crtend?.o *crtend.o) .ctors)
 *(SORT(.ctors.*))
 *(.ctors)
 .ctors         0x0804c240        0x4 D:/QNX650/host/win32/x86/usr/lib/gcc/i486-pc-nto-qnx6.5.0/4.4.2/crtend.o

.dtors          0x0804c244        0x8
 *crtbegin.o(.dtors)
 .dtors         0x0804c244        0x4 D:/QNX650/host/win32/x86/usr/lib/gcc/i486-pc-nto-qnx6.5.0/4.4.2/crtbegin.o
 *crtbegin?.o(.dtors)
 *(EXCLUDE_FILE(*crtend?.o *crtend.o) .dtors)
 *(SORT(.dtors.*))
 *(.dtors)
 .dtors         0x0804c248        0x4 D:/QNX650/host/win32/x86/usr/lib/gcc/i486-pc-nto-qnx6.5.0/4.4.2/crtend.o
                0x0804c248                __DTOR_END__

.jcr            0x0804c24c        0x4
 *(.jcr)
 .jcr           0x0804c24c        0x0 D:/QNX650/host/win32/x86/usr/lib/gcc/i486-pc-nto-qnx6.5.0/4.4.2/crtbegin.o
 .jcr           0x0804c24c        0x4 D:/QNX650/host/win32/x86/usr/lib/gcc/i486-pc-nto-qnx6.5.0/4.4.2/crtend.o

.data.rel.ro
 *(.data.rel.ro.local* .gnu.linkonce.d.rel.ro.local.*)
 *(.data.rel.ro* .gnu.linkonce.d.rel.ro.*)

.dynamic        0x0804c250       0xb0
 *(.dynamic)
 .dynamic       0x0804c250       0xb0 D:/QNX650/target/qnx6/x86/lib/crt1.o
                0x0804c250                _DYNAMIC

.data           0x0804c300        0x4
 *(.data .data.* .gnu.linkonce.d.*)
 .data          0x0804c300        0x0 D:/QNX650/target/qnx6/x86/lib/crt1.o
 .data          0x0804c300        0x0 D:/QNX650/target/qnx6/x86/lib/crti.o
 .data          0x0804c300        0x0 D:/QNX650/host/win32/x86/usr/lib/gcc/i486-pc-nto-qnx6.5.0/4.4.2/crtbegin.o
 .data.rel      0x0804c300        0x4 D:/QNX650/host/win32/x86/usr/lib/gcc/i486-pc-nto-qnx6.5.0/4.4.2/crtbegin.o
                0x0804c300                __dso_handle
 .data          0x0804c304        0x0 CanConfigure.o
 .data          0x0804c304        0x0 CanReciveSend.o
 .data          0x0804c304        0x0 GaitData.o
 .data          0x0804c304        0x0 HydraQuad.o
 .data          0x0804c304        0x0 JointControler.o
 .data          0x0804c304        0x0 JointDataFile.o
 .data          0x0804c304        0x0 SystemInit.o
 .data          0x0804c304        0x0 ad_motion.o
 .data          0x0804c304        0x0 D:/QNX650/host/win32/x86/usr/lib/gcc/i486-pc-nto-qnx6.5.0/4.4.2/crtend.o
 .data          0x0804c304        0x0 D:/QNX650/target/qnx6/x86/lib/crtn.o

.data1
 *(.data1)

.got            0x0804c304       0xc8
 *(.got.plt)
 .got.plt       0x0804c304       0xb8 D:/QNX650/target/qnx6/x86/lib/crt1.o
                0x0804c304                _GLOBAL_OFFSET_TABLE_
 *(.got)
 .got           0x0804c3bc       0x10 D:/QNX650/target/qnx6/x86/lib/crt1.o

.sdata
 *(.sdata .sdata.* .gnu.linkonce.s.*)
                0x0804c3cc                _edata = .
                0x0804c3cc                PROVIDE (edata, .)
                0x0804c3cc                __bss_start = .

.sbss
 *(.dynsbss)
 *(.sbss .sbss.* .gnu.linkonce.sb.*)
 *(.scommon)

.bss            0x0804c3e0     0x1488
 *(.dynbss)
 .dynbss        0x0804c3e0        0x4 D:/QNX650/target/qnx6/x86/lib/crt1.o
                0x0804c3e0                errno
 *(.bss .bss.* .gnu.linkonce.b.*)
 .bss           0x0804c3e4        0x0 D:/QNX650/target/qnx6/x86/lib/crt1.o
 .bss           0x0804c3e4        0x0 D:/QNX650/target/qnx6/x86/lib/crti.o
 .bss           0x0804c3e4       0x20 D:/QNX650/host/win32/x86/usr/lib/gcc/i486-pc-nto-qnx6.5.0/4.4.2/crtbegin.o
 .bss           0x0804c404        0x0 CanConfigure.o
 .bss           0x0804c404        0x0 CanReciveSend.o
 .bss           0x0804c404        0x0 GaitData.o
 .bss           0x0804c404        0x0 HydraQuad.o
 .bss           0x0804c404        0x0 JointControler.o
 .bss           0x0804c404        0x0 JointDataFile.o
 .bss           0x0804c404        0x0 SystemInit.o
 .bss           0x0804c404        0x0 ad_motion.o
 .bss           0x0804c404        0x0 D:/QNX650/host/win32/x86/usr/lib/gcc/i486-pc-nto-qnx6.5.0/4.4.2/crtend.o
 .bss           0x0804c404        0x0 D:/QNX650/target/qnx6/x86/lib/crtn.o
 *(COMMON)
 *fill*         0x0804c404       0x1c 00
 COMMON         0x0804c420      0x130 GaitData.o
                0x0804c420                UPLIMIT
                0x0804c4c0                DOWNLIMIT
 *fill*         0x0804c550       0x10 00
 COMMON         0x0804c560     0x1308 HydraQuad.o
                0x0804c560                cond_send
                0x0804c568                fp
                0x0804c580                hopedata
                0x0804d840                mutex_cond_send
                0x0804d848                motion_curb_pid
                0x0804d84c                CAN_RD_thread
                0x0804d850                send_condition
                0x0804d854                CAL_AD_thread
                0x0804d858                AD_calibrate_pid
                0x0804d85c                FD_MANA_thread
                0x0804d860                GAIT_DATA_thread
                0x0804d864                CAN_WR_thread
                0x0804d868                . = ALIGN ((. != 0x0)?0x4:0x1)
                0x0804d868                . = ALIGN (0x4)
                0x0804d868                . = ALIGN (0x4)
                0x0804d868                _end = .
                0x0804d868                PROVIDE (end, .)

.stab
 *(.stab)

.stabstr
 *(.stabstr)

.stab.excl
 *(.stab.excl)

.stab.exclstr
 *(.stab.exclstr)

.stab.index
 *(.stab.index)

.stab.indexstr
 *(.stab.indexstr)

.comment        0x00000000       0xb4
 *(.comment)
 .comment       0x00000000       0x12 D:/QNX650/host/win32/x86/usr/lib/gcc/i486-pc-nto-qnx6.5.0/4.4.2/crtbegin.o
 .comment       0x00000012       0x12 CanConfigure.o
 .comment       0x00000024       0x12 CanReciveSend.o
 .comment       0x00000036       0x12 GaitData.o
 .comment       0x00000048       0x12 HydraQuad.o
 .comment       0x0000005a       0x12 JointControler.o
 .comment       0x0000006c       0x12 JointDataFile.o
 .comment       0x0000007e       0x12 SystemInit.o
 .comment       0x00000090       0x12 ad_motion.o
 .comment       0x000000a2       0x12 D:/QNX650/host/win32/x86/usr/lib/gcc/i486-pc-nto-qnx6.5.0/4.4.2/crtend.o

.debug
 *(.debug)

.line
 *(.line)

.debug_srcinfo
 *(.debug_srcinfo)

.debug_sfnames
 *(.debug_sfnames)

.debug_aranges
 *(.debug_aranges)

.debug_pubnames
 *(.debug_pubnames)

.debug_info
 *(.debug_info .gnu.linkonce.wi.*)

.debug_abbrev
 *(.debug_abbrev)

.debug_line
 *(.debug_line)

.debug_frame
 *(.debug_frame)

.debug_str
 *(.debug_str)

.debug_loc
 *(.debug_loc)

.debug_macinfo
 *(.debug_macinfo)

.debug_weaknames
 *(.debug_weaknames)

.debug_funcnames
 *(.debug_funcnames)

.debug_typenames
 *(.debug_typenames)

.debug_varnames
 *(.debug_varnames)

.debug_pubtypes
 *(.debug_pubtypes)

.debug_ranges
 *(.debug_ranges)

.gnu.attributes
 *(.gnu.attributes)

/DISCARD/
 *(.note.GNU-stack)
 *(.gnu_debuglink)
OUTPUT(E:/ide-4.7-workspace/HydraQuad-master/HydraQuad-master/x86/o/HydraQuad-master elf32-i386)
