
Allocating common symbols
Common symbol       size              file

cond_send           0x8               HydraQuad.o
fp                  0x10              HydraQuad.o
hopedata            0x12c0            HydraQuad.o
mutex_cond_send     0x8               HydraQuad.o
UPLIMIT             0x90              GaitData.o
motion_curb_pid     0x4               HydraQuad.o
CAN_RD_thread       0x4               HydraQuad.o
DOWNLIMIT           0x90              GaitData.o
CAL_AD_thread       0x4               HydraQuad.o
AD_calibrate_pid    0x4               HydraQuad.o
FD_MANA_thread      0x4               HydraQuad.o
GAIT_DATA_thread    0x4               HydraQuad.o
CAN_WR_thread       0x4               HydraQuad.o

Memory Configuration

Name             Origin             Length             Attributes
*default*        0x00000000         0xffffffff

Linker script and memory map

TARGET(elf32-i386)
LOAD D:/QNX650/target/qnx6/x86/lib/crt1.o
LOAD D:/QNX650/target/qnx6/x86/lib/crti.o
LOAD D:/QNX650/host/win32/x86/usr/lib/gcc/i486-pc-nto-qnx6.5.0/4.4.2/crtbegin.o
LOAD CanConfigure.o
LOAD CanReciveSend.o
LOAD GaitData.o
LOAD HydraQuad.o
LOAD JointControler.o
LOAD JointDataFile.o
LOAD SystemInit.o
LOAD ad_motion.o
LOAD D:/QNX650/host/win32/x86/usr/lib/gcc/i486-pc-nto-qnx6.5.0/4.4.2/libgcc.a
LOAD D:/QNX650/target/qnx6/x86/lib/libc.so
LOAD D:/QNX650/target/qnx6/x86/lib\libc.a
LOAD D:/QNX650/host/win32/x86/usr/lib/gcc/i486-pc-nto-qnx6.5.0/4.4.2/libgcc.a
LOAD D:/QNX650/host/win32/x86/usr/lib/gcc/i486-pc-nto-qnx6.5.0/4.4.2/crtend.o
LOAD D:/QNX650/target/qnx6/x86/lib/crtn.o
                0x08048000                PROVIDE (__executable_start, 0x8048000)
                0x080480f4                . = (0x8048000 + SIZEOF_HEADERS)

.interp         0x080480f4       0x14
 *(.interp)
 .interp        0x080480f4       0x14 D:/QNX650/target/qnx6/x86/lib/crt1.o

.note           0x08048108       0x18
 .note          0x08048108       0x18 D:/QNX650/target/qnx6/x86/lib/crtn.o

.note.gnu.build-id
 *(.note.gnu.build-id)

.hash           0x08048120      0x280
 *(.hash)
 .hash          0x08048120      0x280 D:/QNX650/target/qnx6/x86/lib/crt1.o

.gnu.hash
 *(.gnu.hash)

.dynsym         0x080483a0      0x5b0
 *(.dynsym)
 .dynsym        0x080483a0      0x5b0 D:/QNX650/target/qnx6/x86/lib/crt1.o

.dynstr         0x08048950      0x3f3
 *(.dynstr)
 .dynstr        0x08048950      0x3f3 D:/QNX650/target/qnx6/x86/lib/crt1.o

.gnu.version    0x08048d44        0x0 load address 0x08048d43
 *(.gnu.version)
 .gnu.version   0x00000000        0x0 D:/QNX650/target/qnx6/x86/lib/crt1.o

.gnu.version_d  0x08048d44        0x0 load address 0x08048d43
 *(.gnu.version_d)
 .gnu.version_d
                0x00000000        0x0 D:/QNX650/target/qnx6/x86/lib/crt1.o

.gnu.version_r  0x08048d44        0x0 load address 0x08048d43
 *(.gnu.version_r)
 .gnu.version_r
                0x00000000        0x0 D:/QNX650/target/qnx6/x86/lib/crt1.o

.rel.dyn        0x08048d44       0x28
 *(.rel.init)
 *(.rel.text .rel.text.* .rel.gnu.linkonce.t.*)
 .rel.text      0x00000000        0x0 D:/QNX650/target/qnx6/x86/lib/crt1.o
 *(.rel.fini)
 *(.rel.rodata .rel.rodata.* .rel.gnu.linkonce.r.*)
 *(.rel.data.rel.ro* .rel.gnu.linkonce.d.rel.ro.*)
 *(.rel.data .rel.data.* .rel.gnu.linkonce.d.*)
 *(.rel.tdata .rel.tdata.* .rel.gnu.linkonce.td.*)
 *(.rel.tbss .rel.tbss.* .rel.gnu.linkonce.tb.*)
 *(.rel.ctors)
 *(.rel.dtors)
 *(.rel.got)
 .rel.got       0x08048d44       0x20 D:/QNX650/target/qnx6/x86/lib/crt1.o
 *(.rel.sdata .rel.sdata.* .rel.gnu.linkonce.s.*)
 *(.rel.sbss .rel.sbss.* .rel.gnu.linkonce.sb.*)
 *(.rel.sdata2 .rel.sdata2.* .rel.gnu.linkonce.s2.*)
 *(.rel.sbss2 .rel.sbss2.* .rel.gnu.linkonce.sb2.*)
 *(.rel.bss .rel.bss.* .rel.gnu.linkonce.b.*)
 .rel.bss       0x08048d64        0x8 D:/QNX650/target/qnx6/x86/lib/crt1.o

.rela.dyn
 *(.rela.init)
 *(.rela.text .rela.text.* .rela.gnu.linkonce.t.*)
 *(.rela.fini)
 *(.rela.rodata .rela.rodata.* .rela.gnu.linkonce.r.*)
 *(.rela.data .rela.data.* .rela.gnu.linkonce.d.*)
 *(.rela.tdata .rela.tdata.* .rela.gnu.linkonce.td.*)
 *(.rela.tbss .rela.tbss.* .rela.gnu.linkonce.tb.*)
 *(.rela.ctors)
 *(.rela.dtors)
 *(.rela.got)
 *(.rela.sdata .rela.sdata.* .rela.gnu.linkonce.s.*)
 *(.rela.sbss .rela.sbss.* .rela.gnu.linkonce.sb.*)
 *(.rela.sdata2 .rela.sdata2.* .rela.gnu.linkonce.s2.*)
 *(.rela.sbss2 .rela.sbss2.* .rela.gnu.linkonce.sb2.*)
 *(.rela.bss .rela.bss.* .rela.gnu.linkonce.b.*)

.rel.plt        0x08048d6c      0x160
 *(.rel.plt)
 .rel.plt       0x08048d6c      0x160 D:/QNX650/target/qnx6/x86/lib/crt1.o

.rela.plt
 *(.rela.plt)

.init           0x08048ecc        0xd
 *(.init)
 .init          0x08048ecc        0x0 D:/QNX650/target/qnx6/x86/lib/crti.o
                0x08048ecc                _init
 .init          0x08048ecc        0x5 D:/QNX650/host/win32/x86/usr/lib/gcc/i486-pc-nto-qnx6.5.0/4.4.2/crtbegin.o
 .init          0x08048ed1        0x5 D:/QNX650/host/win32/x86/usr/lib/gcc/i486-pc-nto-qnx6.5.0/4.4.2/crtend.o
 .init          0x08048ed6        0x3 D:/QNX650/target/qnx6/x86/lib/crtn.o

.plt            0x08048edc      0x2d0
 *(.plt)
 .plt           0x08048edc      0x2d0 D:/QNX650/target/qnx6/x86/lib/crt1.o
                0x08048eec                waitpid
                0x08048efc                ioctl
                0x08048f0c                pthread_cond_signal
                0x08048f1c                printf
                0x08048f2c                _init_array
                0x08048f3c                pthread_create
                0x08048f4c                pthread_exit
                0x08048f5c                usleep
                0x08048f6c                getpid
                0x08048f7c                _preinit_array
                0x08048f8c                fscanf
                0x08048f9c                perror
                0x08048fac                puts
                0x08048fbc                __cxa_finalize
                0x08048fcc                sem_destroy
                0x08048fdc                sem_wait
                0x08048fec                sem_post
                0x08048ffc                select
                0x0804900c                write
                0x0804901c                fprintf
                0x0804902c                ctime
                0x0804904c                __get_errno_ptr
                0x0804905c                sem_init
                0x0804906c                read
                0x0804907c                pthread_cond_init
                0x0804908c                fork
                0x0804909c                _init_libc
                0x080490ac                fopen
                0x080490bc                memset
                0x080490cc                fclose
                0x080490dc                _fini_array
                0x080490ec                pthread_mutex_unlock
                0x080490fc                atexit
                0x0804910c                pthread_mutex_destroy
                0x0804911c                pthread_mutex_lock
                0x0804912c                pthread_cond_wait
                0x0804913c                exit
                0x0804914c                pthread_cond_destroy
                0x0804915c                pthread_mutex_init
                0x0804916c                open
                0x0804917c                pthread_join
                0x0804919c                close

.text           0x080491b0     0x27d0
                0x080491b0                _btext = .
 *(.text .stub .text.* .gnu.linkonce.t.*)
 .text          0x080491b0       0x91 D:/QNX650/target/qnx6/x86/lib/crt1.o
                0x080491b8                _start
 *fill*         0x08049241        0x3 9090
 .text          0x08049244        0x0 D:/QNX650/target/qnx6/x86/lib/crti.o
 *fill*         0x08049244        0xc 9090
 .text          0x08049250      0x10e D:/QNX650/host/win32/x86/usr/lib/gcc/i486-pc-nto-qnx6.5.0/4.4.2/crtbegin.o
 *fill*         0x0804935e        0x2 9090
 .text          0x08049360      0x1b8 CanConfigure.o
                0x08049404                set_acccode
                0x08049360                set_accmask
                0x080494a2                set_bitrate
 .text          0x08049518      0x885 CanReciveSend.o
                0x08049d6f                can_end
                0x08049bd5                can_init
                0x0804989c                can_recive
                0x08049518                can_send
 *fill*         0x08049d9d        0x3 9090
 .text          0x08049da0      0xc21 GaitData.o
                0x0804a65a                FedDataSave
                0x0804a58a                GaitDataLtransform
                0x08049da0                GaitDataLoad
 *fill*         0x0804a9c1        0x3 9090
 .text          0x0804a9c4      0x418 HydraQuad.o
                0x0804a9c4                main
 .text          0x0804addc       0x77 JointControler.o
                0x0804addc                PID_Controler
 *fill*         0x0804ae53        0x1 9090
 .text          0x0804ae54       0xf3 JointDataFile.o
                0x0804af12                fed_file_close
                0x0804ae54                fed_file_open
 *fill*         0x0804af47        0x1 9090
 .text          0x0804af48      0x8ad SystemInit.o
                0x0804b795                task_end
                0x0804b057                can_send_pthread
                0x0804b157                can_recive_pthread
                0x0804b760                resource_end
                0x0804b1a8                feddata_manage_pthread
                0x0804af48                gait_data_pthread
                0x0804b3e9                calibrate_ad_pthread
                0x0804b6c1                resource_init
                0x0804b581                task_init
 *fill*         0x0804b7f5        0x3 9090
 .text          0x0804b7f8      0x140 ad_motion.o
                0x0804b7f8                ad_limit
 *fill*         0x0804b938        0x8 9090
 .text          0x0804b940       0x40 D:/QNX650/host/win32/x86/usr/lib/gcc/i486-pc-nto-qnx6.5.0/4.4.2/crtend.o
 .text          0x0804b980        0x0 D:/QNX650/target/qnx6/x86/lib/crtn.o
 *(.gnu.warning)

.fini           0x0804b980        0x8
 *(.fini)
 .fini          0x0804b980        0x0 D:/QNX650/target/qnx6/x86/lib/crti.o
                0x0804b980                _fini
 .fini          0x0804b980        0x5 D:/QNX650/host/win32/x86/usr/lib/gcc/i486-pc-nto-qnx6.5.0/4.4.2/crtbegin.o
 .fini          0x0804b985        0x3 D:/QNX650/target/qnx6/x86/lib/crtn.o
                0x0804b988                PROVIDE (__etext, .)
                0x0804b988                PROVIDE (_etext, .)
                0x0804b988                PROVIDE (etext, .)

.rodata         0x0804b988      0x49c
 *(.rodata .rodata.* .gnu.linkonce.r.*)
 .rodata        0x0804b988       0xb2 CanReciveSend.o
 *fill*         0x0804ba3a        0x6 00
 .rodata        0x0804ba40      0x148 GaitData.o
 .rodata        0x0804bb88       0xd6 HydraQuad.o
 *fill*         0x0804bc5e        0x2 00
 .rodata        0x0804bc60       0x88 JointDataFile.o
 .rodata        0x0804bce8      0x13c SystemInit.o

.rodata1
 *(.rodata1)

.sdata2
 *(.sdata2 .sdata2.* .gnu.linkonce.s2.*)

.sbss2
 *(.sbss2 .sbss2.* .gnu.linkonce.sb2.*)

.eh_frame_hdr
 *(.eh_frame_hdr)

.eh_frame       0x0804be24        0x4
 *(.eh_frame)
 .eh_frame      0x0804be24        0x0 D:/QNX650/host/win32/x86/usr/lib/gcc/i486-pc-nto-qnx6.5.0/4.4.2/crtbegin.o
 .eh_frame      0x0804be24        0x4 D:/QNX650/host/win32/x86/usr/lib/gcc/i486-pc-nto-qnx6.5.0/4.4.2/crtend.o

.gcc_except_table
 *(.gcc_except_table .gcc_except_table.*)
                0x0804ce28                . = (ALIGN (0x1000) + (. & 0xfff))

.eh_frame
 *(.eh_frame)

.gcc_except_table
 *(.gcc_except_table .gcc_except_table.*)

.tdata
 *(.tdata .tdata.* .gnu.linkonce.td.*)

.tbss
 *(.tbss .tbss.* .gnu.linkonce.tb.*)
 *(.tcommon)

.preinit_array  0x0804ce28        0x0
                0x0804ce28                PROVIDE (__preinit_array_start, .)
 *(.preinit_array)
                0x0804ce28                PROVIDE (__preinit_array_end, .)

.init_array     0x0804ce28        0x0
                0x0804ce28                PROVIDE (__init_array_start, .)
 *(SORT(.init_array.*))
 *(.init_array)
                0x0804ce28                PROVIDE (__init_array_end, .)

.fini_array     0x0804ce28        0x0
                0x0804ce28                PROVIDE (__fini_array_start, .)
 *(.fini_array)
 *(SORT(.fini_array.*))
                0x0804ce28                PROVIDE (__fini_array_end, .)

.ctors          0x0804ce28        0x8
 *crtbegin.o(.ctors)
 .ctors         0x0804ce28        0x4 D:/QNX650/host/win32/x86/usr/lib/gcc/i486-pc-nto-qnx6.5.0/4.4.2/crtbegin.o
 *crtbegin?.o(.ctors)
 *(EXCLUDE_FILE(*crtend?.o *crtend.o) .ctors)
 *(SORT(.ctors.*))
 *(.ctors)
 .ctors         0x0804ce2c        0x4 D:/QNX650/host/win32/x86/usr/lib/gcc/i486-pc-nto-qnx6.5.0/4.4.2/crtend.o

.dtors          0x0804ce30        0x8
 *crtbegin.o(.dtors)
 .dtors         0x0804ce30        0x4 D:/QNX650/host/win32/x86/usr/lib/gcc/i486-pc-nto-qnx6.5.0/4.4.2/crtbegin.o
 *crtbegin?.o(.dtors)
 *(EXCLUDE_FILE(*crtend?.o *crtend.o) .dtors)
 *(SORT(.dtors.*))
 *(.dtors)
 .dtors         0x0804ce34        0x4 D:/QNX650/host/win32/x86/usr/lib/gcc/i486-pc-nto-qnx6.5.0/4.4.2/crtend.o
                0x0804ce34                __DTOR_END__

.jcr            0x0804ce38        0x4
 *(.jcr)
 .jcr           0x0804ce38        0x0 D:/QNX650/host/win32/x86/usr/lib/gcc/i486-pc-nto-qnx6.5.0/4.4.2/crtbegin.o
 .jcr           0x0804ce38        0x4 D:/QNX650/host/win32/x86/usr/lib/gcc/i486-pc-nto-qnx6.5.0/4.4.2/crtend.o

.data.rel.ro
 *(.data.rel.ro.local* .gnu.linkonce.d.rel.ro.local.*)
 *(.data.rel.ro* .gnu.linkonce.d.rel.ro.*)

.dynamic        0x0804ce3c       0xb0
 *(.dynamic)
 .dynamic       0x0804ce3c       0xb0 D:/QNX650/target/qnx6/x86/lib/crt1.o
                0x0804ce3c                _DYNAMIC

.data           0x0804ceec        0x4
 *(.data .data.* .gnu.linkonce.d.*)
 .data          0x0804ceec        0x0 D:/QNX650/target/qnx6/x86/lib/crt1.o
 .data          0x0804ceec        0x0 D:/QNX650/target/qnx6/x86/lib/crti.o
 .data          0x0804ceec        0x0 D:/QNX650/host/win32/x86/usr/lib/gcc/i486-pc-nto-qnx6.5.0/4.4.2/crtbegin.o
 .data.rel      0x0804ceec        0x4 D:/QNX650/host/win32/x86/usr/lib/gcc/i486-pc-nto-qnx6.5.0/4.4.2/crtbegin.o
                0x0804ceec                __dso_handle
 .data          0x0804cef0        0x0 CanConfigure.o
 .data          0x0804cef0        0x0 CanReciveSend.o
 .data          0x0804cef0        0x0 GaitData.o
 .data          0x0804cef0        0x0 HydraQuad.o
 .data          0x0804cef0        0x0 JointControler.o
 .data          0x0804cef0        0x0 JointDataFile.o
 .data          0x0804cef0        0x0 SystemInit.o
 .data          0x0804cef0        0x0 ad_motion.o
 .data          0x0804cef0        0x0 D:/QNX650/host/win32/x86/usr/lib/gcc/i486-pc-nto-qnx6.5.0/4.4.2/crtend.o
 .data          0x0804cef0        0x0 D:/QNX650/target/qnx6/x86/lib/crtn.o

.data1
 *(.data1)

.got            0x0804cef0       0xcc
 *(.got.plt)
 .got.plt       0x0804cef0       0xbc D:/QNX650/target/qnx6/x86/lib/crt1.o
                0x0804cef0                _GLOBAL_OFFSET_TABLE_
 *(.got)
 .got           0x0804cfac       0x10 D:/QNX650/target/qnx6/x86/lib/crt1.o

.sdata
 *(.sdata .sdata.* .gnu.linkonce.s.*)
                0x0804cfbc                _edata = .
                0x0804cfbc                PROVIDE (edata, .)
                0x0804cfbc                __bss_start = .

.sbss
 *(.dynsbss)
 *(.sbss .sbss.* .gnu.linkonce.sb.*)
 *(.scommon)

.bss            0x0804cfc0     0x1484
 *(.dynbss)
 .dynbss        0x0804cfc0        0x4 D:/QNX650/target/qnx6/x86/lib/crt1.o
                0x0804cfc0                errno
 *(.bss .bss.* .gnu.linkonce.b.*)
 .bss           0x0804cfc4        0x0 D:/QNX650/target/qnx6/x86/lib/crt1.o
 .bss           0x0804cfc4        0x0 D:/QNX650/target/qnx6/x86/lib/crti.o
 .bss           0x0804cfc4       0x20 D:/QNX650/host/win32/x86/usr/lib/gcc/i486-pc-nto-qnx6.5.0/4.4.2/crtbegin.o
 .bss           0x0804cfe4        0x0 CanConfigure.o
 .bss           0x0804cfe4        0x0 CanReciveSend.o
 .bss           0x0804cfe4        0x0 GaitData.o
 .bss           0x0804cfe4        0x0 HydraQuad.o
 .bss           0x0804cfe4        0x0 JointControler.o
 .bss           0x0804cfe4        0x0 JointDataFile.o
 .bss           0x0804cfe4        0x0 SystemInit.o
 .bss           0x0804cfe4        0x0 ad_motion.o
 .bss           0x0804cfe4        0x0 D:/QNX650/host/win32/x86/usr/lib/gcc/i486-pc-nto-qnx6.5.0/4.4.2/crtend.o
 .bss           0x0804cfe4        0x0 D:/QNX650/target/qnx6/x86/lib/crtn.o
 *(COMMON)
 *fill*         0x0804cfe4       0x1c 00
 COMMON         0x0804d000      0x130 GaitData.o
                0x0804d000                UPLIMIT
                0x0804d0a0                DOWNLIMIT
 *fill*         0x0804d130       0x10 00
 COMMON         0x0804d140     0x1304 HydraQuad.o
                0x0804d140                cond_send
                0x0804d148                fp
                0x0804d160                hopedata
                0x0804e420                mutex_cond_send
                0x0804e428                motion_curb_pid
                0x0804e42c                CAN_RD_thread
                0x0804e430                CAL_AD_thread
                0x0804e434                AD_calibrate_pid
                0x0804e438                FD_MANA_thread
                0x0804e43c                GAIT_DATA_thread
                0x0804e440                CAN_WR_thread
                0x0804e444                . = ALIGN ((. != 0x0)?0x4:0x1)
                0x0804e444                . = ALIGN (0x4)
                0x0804e444                . = ALIGN (0x4)
                0x0804e444                _end = .
                0x0804e444                PROVIDE (end, .)

.stab
 *(.stab)

.stabstr
 *(.stabstr)

.stab.excl
 *(.stab.excl)

.stab.exclstr
 *(.stab.exclstr)

.stab.index
 *(.stab.index)

.stab.indexstr
 *(.stab.indexstr)

.comment        0x00000000       0xb4
 *(.comment)
 .comment       0x00000000       0x12 D:/QNX650/host/win32/x86/usr/lib/gcc/i486-pc-nto-qnx6.5.0/4.4.2/crtbegin.o
 .comment       0x00000012       0x12 CanConfigure.o
 .comment       0x00000024       0x12 CanReciveSend.o
 .comment       0x00000036       0x12 GaitData.o
 .comment       0x00000048       0x12 HydraQuad.o
 .comment       0x0000005a       0x12 JointControler.o
 .comment       0x0000006c       0x12 JointDataFile.o
 .comment       0x0000007e       0x12 SystemInit.o
 .comment       0x00000090       0x12 ad_motion.o
 .comment       0x000000a2       0x12 D:/QNX650/host/win32/x86/usr/lib/gcc/i486-pc-nto-qnx6.5.0/4.4.2/crtend.o

.debug
 *(.debug)

.line
 *(.line)

.debug_srcinfo
 *(.debug_srcinfo)

.debug_sfnames
 *(.debug_sfnames)

.debug_aranges  0x00000000      0x100
 *(.debug_aranges)
 .debug_aranges
                0x00000000       0x20 CanConfigure.o
 .debug_aranges
                0x00000020       0x20 CanReciveSend.o
 .debug_aranges
                0x00000040       0x20 GaitData.o
 .debug_aranges
                0x00000060       0x20 HydraQuad.o
 .debug_aranges
                0x00000080       0x20 JointControler.o
 .debug_aranges
                0x000000a0       0x20 JointDataFile.o
 .debug_aranges
                0x000000c0       0x20 SystemInit.o
 .debug_aranges
                0x000000e0       0x20 ad_motion.o

.debug_pubnames
                0x00000000      0x410
 *(.debug_pubnames)
 .debug_pubnames
                0x00000000       0x42 CanConfigure.o
 .debug_pubnames
                0x00000042       0x47 CanReciveSend.o
 .debug_pubnames
                0x00000089       0x64 GaitData.o
 .debug_pubnames
                0x000000ed       0xf2 HydraQuad.o
 .debug_pubnames
                0x000001df       0x24 JointControler.o
 .debug_pubnames
                0x00000203       0x37 JointDataFile.o
 .debug_pubnames
                0x0000023a      0x19d SystemInit.o
 .debug_pubnames
                0x000003d7       0x39 ad_motion.o

.debug_info     0x00000000     0x1db4
 *(.debug_info .gnu.linkonce.wi.*)
 .debug_info    0x00000000      0x1f8 CanConfigure.o
 .debug_info    0x000001f8      0x3ef CanReciveSend.o
 .debug_info    0x000005e7      0x428 GaitData.o
 .debug_info    0x00000a0f      0x64b HydraQuad.o
 .debug_info    0x0000105a       0xe5 JointControler.o
 .debug_info    0x0000113f      0x300 JointDataFile.o
 .debug_info    0x0000143f      0x884 SystemInit.o
 .debug_info    0x00001cc3       0xf1 ad_motion.o

.debug_abbrev   0x00000000      0x7a0
 *(.debug_abbrev)
 .debug_abbrev  0x00000000       0xcf CanConfigure.o
 .debug_abbrev  0x000000cf       0xf0 CanReciveSend.o
 .debug_abbrev  0x000001bf      0x118 GaitData.o
 .debug_abbrev  0x000002d7      0x150 HydraQuad.o
 .debug_abbrev  0x00000427       0x80 JointControler.o
 .debug_abbrev  0x000004a7      0x115 JointDataFile.o
 .debug_abbrev  0x000005bc      0x150 SystemInit.o
 .debug_abbrev  0x0000070c       0x94 ad_motion.o

.debug_line     0x00000000      0xc4f
 *(.debug_line)
 .debug_line    0x00000000       0xc8 CanConfigure.o
 .debug_line    0x000000c8      0x1b9 CanReciveSend.o
 .debug_line    0x00000281      0x1f6 GaitData.o
 .debug_line    0x00000477      0x288 HydraQuad.o
 .debug_line    0x000006ff       0x94 JointControler.o
 .debug_line    0x00000793      0x125 JointDataFile.o
 .debug_line    0x000008b8      0x2e0 SystemInit.o
 .debug_line    0x00000b98       0xb7 ad_motion.o

.debug_frame    0x00000000      0x380
 *(.debug_frame)
 .debug_frame   0x00000000       0x68 CanConfigure.o
 .debug_frame   0x00000068       0x94 CanReciveSend.o
 .debug_frame   0x000000fc       0x7c GaitData.o
 .debug_frame   0x00000178       0x44 HydraQuad.o
 .debug_frame   0x000001bc       0x30 JointControler.o
 .debug_frame   0x000001ec       0x50 JointDataFile.o
 .debug_frame   0x0000023c      0x114 SystemInit.o
 .debug_frame   0x00000350       0x30 ad_motion.o

.debug_str      0x00000000      0x852
 *(.debug_str)
 .debug_str     0x00000000      0x13f CanConfigure.o
                                0x178 (size before relaxing)
 .debug_str     0x0000013f      0x17f CanReciveSend.o
                                0x229 (size before relaxing)
 .debug_str     0x000002be      0x18c GaitData.o
                                0x215 (size before relaxing)
 .debug_str     0x0000044a      0x187 HydraQuad.o
                                0x372 (size before relaxing)
 .debug_str     0x000005d1       0x86 JointControler.o
                                0x109 (size before relaxing)
 .debug_str     0x00000657       0x89 JointDataFile.o
                                0x1ef (size before relaxing)
 .debug_str     0x000006e0      0x10e SystemInit.o
                                0x3f3 (size before relaxing)
 .debug_str     0x000007ee       0x64 ad_motion.o
                                0x107 (size before relaxing)

.debug_loc      0x00000000      0x420
 *(.debug_loc)
 .debug_loc     0x00000000       0x84 CanConfigure.o
 .debug_loc     0x00000084       0xb0 CanReciveSend.o
 .debug_loc     0x00000134       0x84 GaitData.o
 .debug_loc     0x000001b8       0x2c HydraQuad.o
 .debug_loc     0x000001e4       0x2c JointControler.o
 .debug_loc     0x00000210       0x58 JointDataFile.o
 .debug_loc     0x00000268      0x18c SystemInit.o
 .debug_loc     0x000003f4       0x2c ad_motion.o

.debug_macinfo
 *(.debug_macinfo)

.debug_weaknames
 *(.debug_weaknames)

.debug_funcnames
 *(.debug_funcnames)

.debug_typenames
 *(.debug_typenames)

.debug_varnames
 *(.debug_varnames)

.debug_pubtypes
 *(.debug_pubtypes)

.debug_ranges
 *(.debug_ranges)

.gnu.attributes
 *(.gnu.attributes)

/DISCARD/
 *(.note.GNU-stack)
 *(.gnu_debuglink)
OUTPUT(E:/ide-4.7-workspace/HydraQuad-master/HydraQuad-master/x86/o-g/HydraQuad-master_g elf32-i386)
